Archive member included to satisfy reference by file (symbol)

C:/ST/STM32CubeIDE_1.17.0/STM32CubeIDE/plugins/com.st.stm32cube.ide.mcu.externaltools.gnu-tools-for-stm32.12.3.rel1.win32_1.1.0.202410251130/tools/bin/../lib/gcc/arm-none-eabi/12.3.1/../../../../arm-none-eabi/lib/thumb/v7e-m+fp/hard\libc_nano.a(libc_a-exit.o)
                              C:/ST/STM32CubeIDE_1.17.0/STM32CubeIDE/plugins/com.st.stm32cube.ide.mcu.externaltools.gnu-tools-for-stm32.12.3.rel1.win32_1.1.0.202410251130/tools/bin/../lib/gcc/arm-none-eabi/12.3.1/../../../../arm-none-eabi/lib/thumb/v7e-m+fp/hard/crt0.o (exit)
C:/ST/STM32CubeIDE_1.17.0/STM32CubeIDE/plugins/com.st.stm32cube.ide.mcu.externaltools.gnu-tools-for-stm32.12.3.rel1.win32_1.1.0.202410251130/tools/bin/../lib/gcc/arm-none-eabi/12.3.1/../../../../arm-none-eabi/lib/thumb/v7e-m+fp/hard\libc_nano.a(libc_a-findfp.o)
                              C:/ST/STM32CubeIDE_1.17.0/STM32CubeIDE/plugins/com.st.stm32cube.ide.mcu.externaltools.gnu-tools-for-stm32.12.3.rel1.win32_1.1.0.202410251130/tools/bin/../lib/gcc/arm-none-eabi/12.3.1/../../../../arm-none-eabi/lib/thumb/v7e-m+fp/hard\libc_nano.a(libc_a-exit.o) (__stdio_exit_handler)
C:/ST/STM32CubeIDE_1.17.0/STM32CubeIDE/plugins/com.st.stm32cube.ide.mcu.externaltools.gnu-tools-for-stm32.12.3.rel1.win32_1.1.0.202410251130/tools/bin/../lib/gcc/arm-none-eabi/12.3.1/../../../../arm-none-eabi/lib/thumb/v7e-m+fp/hard\libc_nano.a(libc_a-fwalk.o)
                              C:/ST/STM32CubeIDE_1.17.0/STM32CubeIDE/plugins/com.st.stm32cube.ide.mcu.externaltools.gnu-tools-for-stm32.12.3.rel1.win32_1.1.0.202410251130/tools/bin/../lib/gcc/arm-none-eabi/12.3.1/../../../../arm-none-eabi/lib/thumb/v7e-m+fp/hard\libc_nano.a(libc_a-findfp.o) (_fwalk_sglue)
C:/ST/STM32CubeIDE_1.17.0/STM32CubeIDE/plugins/com.st.stm32cube.ide.mcu.externaltools.gnu-tools-for-stm32.12.3.rel1.win32_1.1.0.202410251130/tools/bin/../lib/gcc/arm-none-eabi/12.3.1/../../../../arm-none-eabi/lib/thumb/v7e-m+fp/hard\libc_nano.a(libc_a-stdio.o)
                              C:/ST/STM32CubeIDE_1.17.0/STM32CubeIDE/plugins/com.st.stm32cube.ide.mcu.externaltools.gnu-tools-for-stm32.12.3.rel1.win32_1.1.0.202410251130/tools/bin/../lib/gcc/arm-none-eabi/12.3.1/../../../../arm-none-eabi/lib/thumb/v7e-m+fp/hard\libc_nano.a(libc_a-findfp.o) (__sread)
C:/ST/STM32CubeIDE_1.17.0/STM32CubeIDE/plugins/com.st.stm32cube.ide.mcu.externaltools.gnu-tools-for-stm32.12.3.rel1.win32_1.1.0.202410251130/tools/bin/../lib/gcc/arm-none-eabi/12.3.1/../../../../arm-none-eabi/lib/thumb/v7e-m+fp/hard\libc_nano.a(libc_a-memset.o)
                              C:/ST/STM32CubeIDE_1.17.0/STM32CubeIDE/plugins/com.st.stm32cube.ide.mcu.externaltools.gnu-tools-for-stm32.12.3.rel1.win32_1.1.0.202410251130/tools/bin/../lib/gcc/arm-none-eabi/12.3.1/../../../../arm-none-eabi/lib/thumb/v7e-m+fp/hard/crt0.o (memset)
C:/ST/STM32CubeIDE_1.17.0/STM32CubeIDE/plugins/com.st.stm32cube.ide.mcu.externaltools.gnu-tools-for-stm32.12.3.rel1.win32_1.1.0.202410251130/tools/bin/../lib/gcc/arm-none-eabi/12.3.1/../../../../arm-none-eabi/lib/thumb/v7e-m+fp/hard\libc_nano.a(libc_a-closer.o)
                              C:/ST/STM32CubeIDE_1.17.0/STM32CubeIDE/plugins/com.st.stm32cube.ide.mcu.externaltools.gnu-tools-for-stm32.12.3.rel1.win32_1.1.0.202410251130/tools/bin/../lib/gcc/arm-none-eabi/12.3.1/../../../../arm-none-eabi/lib/thumb/v7e-m+fp/hard\libc_nano.a(libc_a-stdio.o) (_close_r)
C:/ST/STM32CubeIDE_1.17.0/STM32CubeIDE/plugins/com.st.stm32cube.ide.mcu.externaltools.gnu-tools-for-stm32.12.3.rel1.win32_1.1.0.202410251130/tools/bin/../lib/gcc/arm-none-eabi/12.3.1/../../../../arm-none-eabi/lib/thumb/v7e-m+fp/hard\libc_nano.a(libc_a-reent.o)
                              C:/ST/STM32CubeIDE_1.17.0/STM32CubeIDE/plugins/com.st.stm32cube.ide.mcu.externaltools.gnu-tools-for-stm32.12.3.rel1.win32_1.1.0.202410251130/tools/bin/../lib/gcc/arm-none-eabi/12.3.1/../../../../arm-none-eabi/lib/thumb/v7e-m+fp/hard\libc_nano.a(libc_a-closer.o) (errno)
C:/ST/STM32CubeIDE_1.17.0/STM32CubeIDE/plugins/com.st.stm32cube.ide.mcu.externaltools.gnu-tools-for-stm32.12.3.rel1.win32_1.1.0.202410251130/tools/bin/../lib/gcc/arm-none-eabi/12.3.1/../../../../arm-none-eabi/lib/thumb/v7e-m+fp/hard\libc_nano.a(libc_a-impure.o)
                              C:/ST/STM32CubeIDE_1.17.0/STM32CubeIDE/plugins/com.st.stm32cube.ide.mcu.externaltools.gnu-tools-for-stm32.12.3.rel1.win32_1.1.0.202410251130/tools/bin/../lib/gcc/arm-none-eabi/12.3.1/../../../../arm-none-eabi/lib/thumb/v7e-m+fp/hard\libc_nano.a(libc_a-reent.o) (_impure_ptr)
C:/ST/STM32CubeIDE_1.17.0/STM32CubeIDE/plugins/com.st.stm32cube.ide.mcu.externaltools.gnu-tools-for-stm32.12.3.rel1.win32_1.1.0.202410251130/tools/bin/../lib/gcc/arm-none-eabi/12.3.1/../../../../arm-none-eabi/lib/thumb/v7e-m+fp/hard\libc_nano.a(libc_a-lseekr.o)
[...]
Memory Configuration

Name             Origin             Length             Attributes
RAM              0x20000000         0x00020000         xrw
FLASH            0x08000000         0x00080000         xr
*default*        0x00000000         0xffffffff

Linker script and memory map

LOAD C:/ST/STM32CubeIDE_1.17.0/STM32CubeIDE/plugins/com.st.stm32cube.ide.mcu.externaltools.gnu-tools-for-stm32.12.3.rel1.win32_1.1.0.202410251130/tools/bin/../lib/gcc/arm-none-eabi/12.3.1/thumb/v7e-m+fp/hard/crti.o
LOAD C:/ST/STM32CubeIDE_1.17.0/STM32CubeIDE/plugins/com.st.stm32cube.ide.mcu.externaltools.gnu-tools-for-stm32.12.3.rel1.win32_1.1.0.202410251130/tools/bin/../lib/gcc/arm-none-eabi/12.3.1/thumb/v7e-m+fp/hard/crtbegin.o
LOAD C:/ST/STM32CubeIDE_1.17.0/STM32CubeIDE/plugins/com.st.stm32cube.ide.mcu.externaltools.gnu-tools-for-stm32.12.3.rel1.win32_1.1.0.202410251130/tools/bin/../lib/gcc/arm-none-eabi/12.3.1/../../../../arm-none-eabi/lib/thumb/v7e-m+fp/hard/crt0.o
LOAD ./Src/FPU.o
LOAD ./Src/GPIO.o
LOAD ./Src/main.o
LOAD ./Src/syscalls.o
LOAD ./Src/sysmem.o
LOAD ./Startup/startup_stm32f446retx.o
START GROUP
LOAD C:/ST/STM32CubeIDE_1.17.0/STM32CubeIDE/plugins/com.st.stm32cube.ide.mcu.externaltools.gnu-tools-for-stm32.12.3.rel1.win32_1.1.0.202410251130/tools/bin/../lib/gcc/arm-none-eabi/12.3.1/../../../../arm-none-eabi/lib/thumb/v7e-m+fp/hard\libstdc++_nano.a
LOAD C:/ST/STM32CubeIDE_1.17.0/STM32CubeIDE/plugins/com.st.stm32cube.ide.mcu.externaltools.gnu-tools-for-stm32.12.3.rel1.win32_1.1.0.202410251130/tools/bin/../lib/gcc/arm-none-eabi/12.3.1/../../../../arm-none-eabi/lib/thumb/v7e-m+fp/hard\libsupc++_nano.a
END GROUP
LOAD C:/ST/STM32CubeIDE_1.17.0/STM32CubeIDE/plugins/com.st.stm32cube.ide.mcu.externaltools.gnu-tools-for-stm32.12.3.rel1.win32_1.1.0.202410251130/tools/bin/../lib/gcc/arm-none-eabi/12.3.1/../../../../arm-none-eabi/lib/thumb/v7e-m+fp/hard\libstdc++_nano.a
LOAD C:/ST/STM32CubeIDE_1.17.0/STM32CubeIDE/plugins/com.st.stm32cube.ide.mcu.externaltools.gnu-tools-for-stm32.12.3.rel1.win32_1.1.0.202410251130/tools/bin/../lib/gcc/arm-none-eabi/12.3.1/../../../../arm-none-eabi/lib/thumb/v7e-m+fp/hard\libm.a
LOAD C:/ST/STM32CubeIDE_1.17.0/STM32CubeIDE/plugins/com.st.stm32cube.ide.mcu.externaltools.gnu-tools-for-stm32.12.3.rel1.win32_1.1.0.202410251130/tools/bin/../lib/gcc/arm-none-eabi/12.3.1/../../../../arm-none-eabi/lib/thumb/v7e-m+fp/hard\libc_nano.a
START GROUP
LOAD C:/ST/STM32CubeIDE_1.17.0/STM32CubeIDE/plugins/com.st.stm32cube.ide.mcu.externaltools.gnu-tools-for-stm32.12.3.rel1.win32_1.1.0.202410251130/tools/bin/../lib/gcc/arm-none-eabi/12.3.1/thumb/v7e-m+fp/hard\libgcc.a
LOAD C:/ST/STM32CubeIDE_1.17.0/STM32CubeIDE/plugins/com.st.stm32cube.ide.mcu.externaltools.gnu-tools-for-stm32.12.3.rel1.win32_1.1.0.202410251130/tools/bin/../lib/gcc/arm-none-eabi/12.3.1/../../../../arm-none-eabi/lib/thumb/v7e-m+fp/hard\libc_nano.a
END GROUP
START GROUP
LOAD C:/ST/STM32CubeIDE_1.17.0/STM32CubeIDE/plugins/com.st.stm32cube.ide.mcu.externaltools.gnu-tools-for-stm32.12.3.rel1.win32_1.1.0.202410251130/tools/bin/../lib/gcc/arm-none-eabi/12.3.1/thumb/v7e-m+fp/hard\libgcc.a
LOAD C:/ST/STM32CubeIDE_1.17.0/STM32CubeIDE/plugins/com.st.stm32cube.ide.mcu.externaltools.gnu-tools-for-stm32.12.3.rel1.win32_1.1.0.202410251130/tools/bin/../lib/gcc/arm-none-eabi/12.3.1/../../../../arm-none-eabi/lib/thumb/v7e-m+fp/hard\libc_nano.a
LOAD C:/ST/STM32CubeIDE_1.17.0/STM32CubeIDE/plugins/com.st.stm32cube.ide.mcu.externaltools.gnu-tools-for-stm32.12.3.rel1.win32_1.1.0.202410251130/tools/bin/../lib/gcc/arm-none-eabi/12.3.1/../../../../arm-none-eabi/lib/thumb/v7e-m+fp/hard\libnosys.a
END GROUP
START GROUP
LOAD C:/ST/STM32CubeIDE_1.17.0/STM32CubeIDE/plugins/com.st.stm32cube.ide.mcu.externaltools.gnu-tools-for-stm32.12.3.rel1.win32_1.1.0.202410251130/tools/bin/../lib/gcc/arm-none-eabi/12.3.1/thumb/v7e-m+fp/hard\libgcc.a
LOAD C:/ST/STM32CubeIDE_1.17.0/STM32CubeIDE/plugins/com.st.stm32cube.ide.mcu.externaltools.gnu-tools-for-stm32.12.3.rel1.win32_1.1.0.202410251130/tools/bin/../lib/gcc/arm-none-eabi/12.3.1/../../../../arm-none-eabi/lib/thumb/v7e-m+fp/hard\libc_nano.a
LOAD C:/ST/STM32CubeIDE_1.17.0/STM32CubeIDE/plugins/com.st.stm32cube.ide.mcu.externaltools.gnu-tools-for-stm32.12.3.rel1.win32_1.1.0.202410251130/tools/bin/../lib/gcc/arm-none-eabi/12.3.1/../../../../arm-none-eabi/lib/thumb/v7e-m+fp/hard\libnosys.a
END GROUP
LOAD C:/ST/STM32CubeIDE_1.17.0/STM32CubeIDE/plugins/com.st.stm32cube.ide.mcu.externaltools.gnu-tools-for-stm32.12.3.rel1.win32_1.1.0.202410251130/tools/bin/../lib/gcc/arm-none-eabi/12.3.1/thumb/v7e-m+fp/hard/crtend.o
LOAD C:/ST/STM32CubeIDE_1.17.0/STM32CubeIDE/plugins/com.st.stm32cube.ide.mcu.externaltools.gnu-tools-for-stm32.12.3.rel1.win32_1.1.0.202410251130/tools/bin/../lib/gcc/arm-none-eabi/12.3.1/thumb/v7e-m+fp/hard/crtn.o
                0x20020000                        _estack = (ORIGIN (RAM) + LENGTH (RAM))
                0x00000200                        _Min_Heap_Size = 0x200
                0x00000400                        _Min_Stack_Size = 0x400

.isr_vector     0x08000000      0x1c4
                0x08000000                        . = ALIGN (0x4)
 *(.isr_vector)
 .isr_vector    0x08000000      0x1c4 ./Startup/startup_stm32f446retx.o
                0x08000000                g_pfnVectors
                0x080001c4                        . = ALIGN (0x4)

.text           0x080001c4      0x418
                0x080001c4                        . = ALIGN (0x4)
 *(.text)
 .text          0x080001c4       0x40 C:/ST/STM32CubeIDE_1.17.0/STM32CubeIDE/plugins/com.st.stm32cube.ide.mcu.externaltools.gnu-tools-for-stm32.12.3.rel1.win32_1.1.0.202410251130/tools/bin/../lib/gcc/arm-none-eabi/12.3.1/thumb/v7e-m+fp/hard/crtbegin.o
 *(.text*)
 .text._ZN6FPU_cp6enableEv
                0x08000204       0x58 ./Src/FPU.o
                0x08000204                FPU_cp::enable()
 .text._ZN4GPIOC2EP12GPIO_TypeDefhb
                0x0800025c       0xb0 ./Src/GPIO.o
                0x0800025c                GPIO::GPIO(GPIO_TypeDef*, unsigned char, bool)
                0x0800025c                GPIO::GPIO(GPIO_TypeDef*, unsigned char, bool)
 .text._ZN4GPIO6toggleEv
                0x0800030c       0x2e ./Src/GPIO.o
                0x0800030c                GPIO::toggle()
 .text._ZN4GPIO4readEv
                0x0800033a       0x30 ./Src/GPIO.o
                0x0800033a                GPIO::read()
 .text._ZN4UART11setBaudRateEm
                0x0800036a       0x2e ./Src/main.o
                0x0800036a                UART::setBaudRate(unsigned long)
 .text._ZN4UARTC2EP13USART_TypeDefm
                0x08000398       0xac ./Src/main.o
                0x08000398                UART::UART(USART_TypeDef*, unsigned long)
                0x08000398                UART::UART(USART_TypeDef*, unsigned long)
 .text._ZN4UART4sendEc
                0x08000444       0x3c ./Src/main.o
                0x08000444                UART::send(char)
 .text._ZN4UART10sendStringEPKc
                0x08000480       0x2e ./Src/main.o
                0x08000480                UART::sendString(char const*)
 *fill*         0x080004ae        0x2 
 .text.main     0x080004b0       0x78 ./Src/main.o
                0x080004b0                main
 .text.Reset_Handler
                0x08000528       0x50 ./Startup/startup_stm32f446retx.o
                0x08000528                Reset_Handler
 .text.Default_Handler
                0x08000578        0x2 ./Startup/startup_stm32f446retx.o
                0x08000578                RTC_Alarm_IRQHandler
                0x08000578                EXTI2_IRQHandler
                0x08000578                TIM8_CC_IRQHandler
                0x08000578                SPDIF_Rx_IRQHandler
                0x08000578                DebugMon_Handler
                0x08000578                SPI4_IRQHandler
                0x08000578                TIM1_CC_IRQHandler
                0x08000578                QuadSPI_IRQHandler
                0x08000578                DMA2_Stream5_IRQHandler
                0x08000578                HardFault_Handler
                0x08000578                DMA1_Stream5_IRQHandler
                0x08000578                SysTick_Handler
                0x08000578                PVD_IRQHandler
                0x08000578                SDIO_IRQHandler
                0x08000578                TAMP_STAMP_IRQHandler
                0x08000578                PendSV_Handler
                0x08000578                NMI_Handler
                0x08000578                CAN2_RX1_IRQHandler
                0x08000578                EXTI3_IRQHandler
                0x08000578                TIM8_TRG_COM_TIM14_IRQHandler
                0x08000578                TIM1_UP_TIM10_IRQHandler
                0x08000578                FMPI2C1_error_IRQHandler
                0x08000578                TIM8_UP_TIM13_IRQHandler
                0x08000578                I2C3_ER_IRQHandler
                0x08000578                EXTI0_IRQHandler
                0x08000578                I2C2_EV_IRQHandler
                0x08000578                DMA1_Stream2_IRQHandler
                0x08000578                CAN1_RX0_IRQHandler
                0x08000578                OTG_HS_WKUP_IRQHandler
                0x08000578                UsageFault_Handler
                0x08000578                CAN2_SCE_IRQHandler
                0x08000578                DMA2_Stream2_IRQHandler
                0x08000578                SPI1_IRQHandler
                0x08000578                TIM6_DAC_IRQHandler
                0x08000578                TIM1_BRK_TIM9_IRQHandler
                0x08000578                DCMI_IRQHandler
                0x08000578                CAN2_RX0_IRQHandler
                0x08000578                DMA2_Stream3_IRQHandler
                0x08000578                FMPI2C1_IRQHandler
                0x08000578                SAI2_IRQHandler
                0x08000578                USART6_IRQHandler
                0x08000578                USART3_IRQHandler
                0x08000578                CAN1_RX1_IRQHandler
                0x08000578                UART5_IRQHandler
                0x08000578                DMA2_Stream0_IRQHandler
                0x08000578                TIM4_IRQHandler
                0x08000578                I2C1_EV_IRQHandler
                0x08000578                HDMI_CEC_IRQHandler
                0x08000578                DMA1_Stream6_IRQHandler
                0x08000578                DMA1_Stream1_IRQHandler
                0x08000578                UART4_IRQHandler
                0x08000578                TIM3_IRQHandler
                0x08000578                RCC_IRQHandler
                0x08000578                TIM8_BRK_TIM12_IRQHandler
                0x08000578                Default_Handler
                0x08000578                EXTI15_10_IRQHandler
                0x08000578                ADC_IRQHandler
                0x08000578                DMA1_Stream7_IRQHandler
                0x08000578                TIM7_IRQHandler
                0x08000578                CAN2_TX_IRQHandler
                0x08000578                TIM5_IRQHandler
                0x08000578                DMA2_Stream7_IRQHandler
                0x08000578                I2C3_EV_IRQHandler
                0x08000578                EXTI9_5_IRQHandler
                0x08000578                RTC_WKUP_IRQHandler
                0x08000578                SPI2_IRQHandler
                0x08000578                OTG_HS_EP1_IN_IRQHandler
                0x08000578                MemManage_Handler
                0x08000578                DMA1_Stream0_IRQHandler
                0x08000578                CAN1_TX_IRQHandler
                0x08000578                SVC_Handler
                0x08000578                EXTI4_IRQHandler
                0x08000578                OTG_HS_EP1_OUT_IRQHandler
                0x08000578                WWDG_IRQHandler
                0x08000578                TIM2_IRQHandler
                0x08000578                OTG_FS_WKUP_IRQHandler
                0x08000578                TIM1_TRG_COM_TIM11_IRQHandler
                0x08000578                OTG_HS_IRQHandler
                0x08000578                EXTI1_IRQHandler
                0x08000578                USART2_IRQHandler
                0x08000578                I2C2_ER_IRQHandler
                0x08000578                DMA2_Stream1_IRQHandler
                0x08000578                CAN1_SCE_IRQHandler
                0x08000578                FLASH_IRQHandler
                0x08000578                DMA2_Stream4_IRQHandler
                0x08000578                BusFault_Handler
                0x08000578                USART1_IRQHandler
                0x08000578                OTG_FS_IRQHandler
                0x08000578                SPI3_IRQHandler
                0x08000578                DMA1_Stream4_IRQHandler
                0x08000578                I2C1_ER_IRQHandler
                0x08000578                FMC_IRQHandler
                0x08000578                DMA2_Stream6_IRQHandler
                0x08000578                SAI1_IRQHandler
                0x08000578                DMA1_Stream3_IRQHandler
 *fill*         0x0800057a        0x2 
 .text.__libc_init_array
                0x0800057c       0x48 C:/ST/STM32CubeIDE_1.17.0/STM32CubeIDE/plugins/com.st.stm32cube.ide.mcu.externaltools.gnu-tools-for-stm32.12.3.rel1.win32_1.1.0.202410251130/tools/bin/../lib/gcc/arm-none-eabi/12.3.1/../../../../arm-none-eabi/lib/thumb/v7e-m+fp/hard\libc_nano.a(libc_a-init.o)
                0x0800057c                __libc_init_array
 *(.glue_7)
 .glue_7        0x080005c4        0x0 linker stubs
 *(.glue_7t)
 .glue_7t       0x080005c4        0x0 linker stubs
 *(.eh_frame)
 .eh_frame      0x080005c4        0x0 C:/ST/STM32CubeIDE_1.17.0/STM32CubeIDE/plugins/com.st.stm32cube.ide.mcu.externaltools.gnu-tools-for-stm32.12.3.rel1.win32_1.1.0.202410251130/tools/bin/../lib/gcc/arm-none-eabi/12.3.1/thumb/v7e-m+fp/hard/crtbegin.o
 *(.init)
 .init          0x080005c4        0x4 C:/ST/STM32CubeIDE_1.17.0/STM32CubeIDE/plugins/com.st.stm32cube.ide.mcu.externaltools.gnu-tools-for-stm32.12.3.rel1.win32_1.1.0.202410251130/tools/bin/../lib/gcc/arm-none-eabi/12.3.1/thumb/v7e-m+fp/hard/crti.o
                0x080005c4                _init
 .init          0x080005c8        0x8 C:/ST/STM32CubeIDE_1.17.0/STM32CubeIDE/plugins/com.st.stm32cube.ide.mcu.externaltools.gnu-tools-for-stm32.12.3.rel1.win32_1.1.0.202410251130/tools/bin/../lib/gcc/arm-none-eabi/12.3.1/thumb/v7e-m+fp/hard/crtn.o
 *(.fini)
 .fini          0x080005d0        0x4 C:/ST/STM32CubeIDE_1.17.0/STM32CubeIDE/plugins/com.st.stm32cube.ide.mcu.externaltools.gnu-tools-for-stm32.12.3.rel1.win32_1.1.0.202410251130/tools/bin/../lib/gcc/arm-none-eabi/12.3.1/thumb/v7e-m+fp/hard/crti.o
                0x080005d0                _fini
 .fini          0x080005d4        0x8 C:/ST/STM32CubeIDE_1.17.0/STM32CubeIDE/plugins/com.st.stm32cube.ide.mcu.externaltools.gnu-tools-for-stm32.12.3.rel1.win32_1.1.0.202410251130/tools/bin/../lib/gcc/arm-none-eabi/12.3.1/thumb/v7e-m+fp/hard/crtn.o
                0x080005dc                        . = ALIGN (0x4)
                0x080005dc                        _etext = .

.vfp11_veneer   0x080005dc        0x0
 .vfp11_veneer  0x080005dc        0x0 linker stubs

.v4_bx          0x080005dc        0x0
 .v4_bx         0x080005dc        0x0 linker stubs

.iplt           0x080005dc        0x0
 .iplt          0x080005dc        0x0 C:/ST/STM32CubeIDE_1.17.0/STM32CubeIDE/plugins/com.st.stm32cube.ide.mcu.externaltools.gnu-tools-for-stm32.12.3.rel1.win32_1.1.0.202410251130/tools/bin/../lib/gcc/arm-none-eabi/12.3.1/thumb/v7e-m+fp/hard/crtbegin.o

.rodata         0x080005dc       0x1c
                0x080005dc                        . = ALIGN (0x4)
 *(.rodata)
 .rodata        0x080005dc       0x1b ./Src/main.o
 *(.rodata*)
                0x080005f8                        . = ALIGN (0x4)
 *fill*         0x080005f7        0x1 

.ARM.extab      0x080005f8        0x0
                0x080005f8                        . = ALIGN (0x4)
 *(.ARM.extab* .gnu.linkonce.armextab.*)
                0x080005f8                        . = ALIGN (0x4)

.ARM            0x080005f8        0x0
                0x080005f8                        . = ALIGN (0x4)
                0x080005f8                        __exidx_start = .
 *(.ARM.exidx*)
                0x080005f8                        __exidx_end = .
                0x080005f8                        . = ALIGN (0x4)

.preinit_array  0x080005f8        0x0
                0x080005f8                        . = ALIGN (0x4)
                0x080005f8                        PROVIDE (__preinit_array_start = .)
 *(.preinit_array*)
                0x080005f8                        PROVIDE (__preinit_array_end = .)
                0x080005f8                        . = ALIGN (0x4)

.init_array     0x080005f8        0x4
                0x080005f8                        . = ALIGN (0x4)
                0x080005f8                        PROVIDE (__init_array_start = .)
 *(SORT_BY_NAME(.init_array.*))
 *(.init_array*)
 .init_array    0x080005f8        0x4 C:/ST/STM32CubeIDE_1.17.0/STM32CubeIDE/plugins/com.st.stm32cube.ide.mcu.externaltools.gnu-tools-for-stm32.12.3.rel1.win32_1.1.0.202410251130/tools/bin/../lib/gcc/arm-none-eabi/12.3.1/thumb/v7e-m+fp/hard/crtbegin.o
                0x080005fc                        PROVIDE (__init_array_end = .)
                0x080005fc                        . = ALIGN (0x4)

.fini_array     0x080005fc        0x4
                0x080005fc                        . = ALIGN (0x4)
                [!provide]                        PROVIDE (__fini_array_start = .)
 *(SORT_BY_NAME(.fini_array.*))
 *(.fini_array*)
 .fini_array    0x080005fc        0x4 C:/ST/STM32CubeIDE_1.17.0/STM32CubeIDE/plugins/com.st.stm32cube.ide.mcu.externaltools.gnu-tools-for-stm32.12.3.rel1.win32_1.1.0.202410251130/tools/bin/../lib/gcc/arm-none-eabi/12.3.1/thumb/v7e-m+fp/hard/crtbegin.o
                [!provide]                        PROVIDE (__fini_array_end = .)
                0x08000600                        . = ALIGN (0x4)
                0x08000600                        _sidata = LOADADDR (.data)

.rel.dyn        0x08000600        0x0
 .rel.iplt      0x08000600        0x0 C:/ST/STM32CubeIDE_1.17.0/STM32CubeIDE/plugins/com.st.stm32cube.ide.mcu.externaltools.gnu-tools-for-stm32.12.3.rel1.win32_1.1.0.202410251130/tools/bin/../lib/gcc/arm-none-eabi/12.3.1/thumb/v7e-m+fp/hard/crtbegin.o

.data           0x20000000        0x0 load address 0x08000600
                0x20000000                        . = ALIGN (0x4)
                0x20000000                        _sdata = .
 *(.data)
 *(.data*)
 *(.RamFunc)
 *(.RamFunc*)
                0x20000000                        . = ALIGN (0x4)
                0x20000000                        _edata = .

.igot.plt       0x20000000        0x0 load address 0x08000600
 .igot.plt      0x20000000        0x0 C:/ST/STM32CubeIDE_1.17.0/STM32CubeIDE/plugins/com.st.stm32cube.ide.mcu.externaltools.gnu-tools-for-stm32.12.3.rel1.win32_1.1.0.202410251130/tools/bin/../lib/gcc/arm-none-eabi/12.3.1/thumb/v7e-m+fp/hard/crtbegin.o
                0x20000000                        . = ALIGN (0x4)

.bss            0x20000000       0x1c load address 0x08000600
                0x20000000                        _sbss = .
                0x20000000                        __bss_start__ = _sbss
 *(.bss)
 .bss           0x20000000       0x1c C:/ST/STM32CubeIDE_1.17.0/STM32CubeIDE/plugins/com.st.stm32cube.ide.mcu.externaltools.gnu-tools-for-stm32.12.3.rel1.win32_1.1.0.202410251130/tools/bin/../lib/gcc/arm-none-eabi/12.3.1/thumb/v7e-m+fp/hard/crtbegin.o
 *(.bss*)
 *(COMMON)
                0x2000001c                        . = ALIGN (0x4)
                0x2000001c                        _ebss = .
                0x2000001c                        __bss_end__ = _ebss

._user_heap_stack
                0x2000001c      0x604 load address 0x08000600
                0x20000020                        . = ALIGN (0x8)
 *fill*         0x2000001c        0x4 
                [!provide]                        PROVIDE (end = .)
                0x20000020                        PROVIDE (_end = .)
                0x20000220                        . = (. + _Min_Heap_Size)
 *fill*         0x20000020      0x200 
                0x20000620                        . = (. + _Min_Stack_Size)
 *fill*         0x20000220      0x400 
                0x20000620                        . = ALIGN (0x8)

/DISCARD/
 libc.a(*)
 libm.a(*)
 libgcc.a(*)

.ARM.attributes
                0x00000000       0x30
 *(.ARM.attributes)
 .ARM.attributes
                0x00000000       0x22 C:/ST/STM32CubeIDE_1.17.0/STM32CubeIDE/plugins/com.st.stm32cube.ide.mcu.externaltools.gnu-tools-for-stm32.12.3.rel1.win32_1.1.0.202410251130/tools/bin/../lib/gcc/arm-none-eabi/12.3.1/thumb/v7e-m+fp/hard/crti.o
 .ARM.attributes
                0x00000022       0x34 C:/ST/STM32CubeIDE_1.17.0/STM32CubeIDE/plugins/com.st.stm32cube.ide.mcu.externaltools.gnu-tools-for-stm32.12.3.rel1.win32_1.1.0.202410251130/tools/bin/../lib/gcc/arm-none-eabi/12.3.1/thumb/v7e-m+fp/hard/crtbegin.o
 .ARM.attributes
                0x00000056       0x34 ./Src/FPU.o
 .ARM.attributes
                0x0000008a       0x34 ./Src/GPIO.o
 .ARM.attributes
                0x000000be       0x34 ./Src/main.o
 .ARM.attributes
                0x000000f2       0x21 ./Startup/startup_stm32f446retx.o
 .ARM.attributes
                0x00000113       0x34 C:/ST/STM32CubeIDE_1.17.0/STM32CubeIDE/plugins/com.st.stm32cube.ide.mcu.externaltools.gnu-tools-for-stm32.12.3.rel1.win32_1.1.0.202410251130/tools/bin/../lib/gcc/arm-none-eabi/12.3.1/../../../../arm-none-eabi/lib/thumb/v7e-m+fp/hard\libc_nano.a(libc_a-init.o)
 .ARM.attributes
                0x00000147       0x22 C:/ST/STM32CubeIDE_1.17.0/STM32CubeIDE/plugins/com.st.stm32cube.ide.mcu.externaltools.gnu-tools-for-stm32.12.3.rel1.win32_1.1.0.202410251130/tools/bin/../lib/gcc/arm-none-eabi/12.3.1/thumb/v7e-m+fp/hard/crtn.o
OUTPUT(cpp_4_class_fpu.elf elf32-littlearm)
LOAD linker stubs
LOAD C:/ST/STM32CubeIDE_1.17.0/STM32CubeIDE/plugins/com.st.stm32cube.ide.mcu.externaltools.gnu-tools-for-stm32.12.3.rel1.win32_1.1.0.202410251130/tools/bin/../lib/gcc/arm-none-eabi/12.3.1/../../../../arm-none-eabi/lib/thumb/v7e-m+fp/hard\libc.a
LOAD C:/ST/STM32CubeIDE_1.17.0/STM32CubeIDE/plugins/com.st.stm32cube.ide.mcu.externaltools.gnu-tools-for-stm32.12.3.rel1.win32_1.1.0.202410251130/tools/bin/../lib/gcc/arm-none-eabi/12.3.1/../../../../arm-none-eabi/lib/thumb/v7e-m+fp/hard\libm.a
LOAD C:/ST/STM32CubeIDE_1.17.0/STM32CubeIDE/plugins/com.st.stm32cube.ide.mcu.externaltools.gnu-tools-for-stm32.12.3.rel1.win32_1.1.0.202410251130/tools/bin/../lib/gcc/arm-none-eabi/12.3.1/thumb/v7e-m+fp/hard\libgcc.a

.debug_info     0x00000000      0xac1
 .debug_info    0x00000000      0x28e ./Src/FPU.o
 .debug_info    0x0000028e      0x317 ./Src/GPIO.o
 .debug_info    0x000005a5      0x4ec ./Src/main.o
 .debug_info    0x00000a91       0x30 ./Startup/startup_stm32f446retx.o

.debug_abbrev   0x00000000      0x55d
 .debug_abbrev  0x00000000       0xff ./Src/FPU.o
 .debug_abbrev  0x000000ff      0x1b1 ./Src/GPIO.o
 .debug_abbrev  0x000002b0      0x289 ./Src/main.o
 .debug_abbrev  0x00000539       0x24 ./Startup/startup_stm32f446retx.o

.debug_aranges  0x00000000       0xc8
 .debug_aranges
                0x00000000       0x20 ./Src/FPU.o
 .debug_aranges
                0x00000020       0x40 ./Src/GPIO.o
 .debug_aranges
                0x00000060       0x40 ./Src/main.o
 .debug_aranges
                0x000000a0       0x28 ./Startup/startup_stm32f446retx.o

.debug_rnglists
                0x00000000       0x84
 .debug_rnglists
                0x00000000       0x13 ./Src/FPU.o
 .debug_rnglists
                0x00000013       0x2c ./Src/GPIO.o
 .debug_rnglists
                0x0000003f       0x2c ./Src/main.o
 .debug_rnglists
                0x0000006b       0x19 ./Startup/startup_stm32f446retx.o

.debug_macro    0x00000000    0x18d21
 .debug_macro   0x00000000       0xdd ./Src/FPU.o
 .debug_macro   0x000000dd      0xb9e ./Src/FPU.o
 .debug_macro   0x00000c7b       0x28 ./Src/FPU.o
 .debug_macro   0x00000ca3       0x28 ./Src/FPU.o
 .debug_macro   0x00000ccb       0x1c ./Src/FPU.o
 .debug_macro   0x00000ce7       0x22 ./Src/FPU.o
 .debug_macro   0x00000d09       0x8e ./Src/FPU.o
 .debug_macro   0x00000d97       0x51 ./Src/FPU.o
 .debug_macro   0x00000de8      0x103 ./Src/FPU.o
 .debug_macro   0x00000eeb       0x6a ./Src/FPU.o
 .debug_macro   0x00000f55      0x1df ./Src/FPU.o
 .debug_macro   0x00001134       0x1c ./Src/FPU.o
 .debug_macro   0x00001150       0x22 ./Src/FPU.o
 .debug_macro   0x00001172       0xfb ./Src/FPU.o
 .debug_macro   0x0000126d     0x1011 ./Src/FPU.o
 .debug_macro   0x0000227e      0x11f ./Src/FPU.o
 .debug_macro   0x0000239d    0x16749 ./Src/FPU.o
 .debug_macro   0x00018ae6       0x6d ./Src/FPU.o
 .debug_macro   0x00018b53       0xdd ./Src/GPIO.o
 .debug_macro   0x00018c30       0xf1 ./Src/main.o

.debug_line     0x00000000     0x1161
 .debug_line    0x00000000      0x507 ./Src/FPU.o
 .debug_line    0x00000507      0x5dd ./Src/GPIO.o
 .debug_line    0x00000ae4      0x602 ./Src/main.o
 .debug_line    0x000010e6       0x7b ./Startup/startup_stm32f446retx.o

.debug_str      0x00000000    0x8b6fb
 .debug_str     0x00000000    0x8b42d ./Src/FPU.o
                              0x8b5b6 (size before relaxing)
 .debug_str     0x0008b42d      0x10f ./Src/GPIO.o
                              0x8b634 (size before relaxing)
 .debug_str     0x0008b53c      0x10e ./Src/main.o
                              0x8b74f (size before relaxing)
 .debug_str     0x0008b64a       0xb1 ./Startup/startup_stm32f446retx.o

.comment        0x00000000       0x43
 .comment       0x00000000       0x43 ./Src/FPU.o
                                 0x44 (size before relaxing)
 .comment       0x00000043       0x44 ./Src/GPIO.o
 .comment       0x00000043       0x44 ./Src/main.o

.debug_frame    0x00000000      0x204
 .debug_frame   0x00000000       0x38 ./Src/FPU.o
 .debug_frame   0x00000038       0xd8 ./Src/GPIO.o
 .debug_frame   0x00000110       0xc8 ./Src/main.o
 .debug_frame   0x000001d8       0x2c C:/ST/STM32CubeIDE_1.17.0/STM32CubeIDE/plugins/com.st.stm32cube.ide.mcu.externaltools.gnu-tools-for-stm32.12.3.rel1.win32_1.1.0.202410251130/tools/bin/../lib/gcc/arm-none-eabi/12.3.1/../../../../arm-none-eabi/lib/thumb/v7e-m+fp/hard\libc_nano.a(libc_a-init.o)

.debug_line_str
                0x00000000       0x95
 .debug_line_str
                0x00000000       0x95 ./Startup/startup_stm32f446retx.o
