Archive member included to satisfy reference by file (symbol)

c:/st/stm32cubeide_1.4.0/stm32cubeide/plugins/com.st.stm32cube.ide.mcu.externaltools.gnu-tools-for-stm32.7-2018-q2-update.win32_1.4.0.202007081208/tools/bin/../lib/gcc/arm-none-eabi/7.3.1/../../../../arm-none-eabi/lib/thumb/v7e-m/fpv4-sp/hard\libc_nano.a(lib_a-errno.o)
                              Core/Src/syscalls.o (__errno)
c:/st/stm32cubeide_1.4.0/stm32cubeide/plugins/com.st.stm32cube.ide.mcu.externaltools.gnu-tools-for-stm32.7-2018-q2-update.win32_1.4.0.202007081208/tools/bin/../lib/gcc/arm-none-eabi/7.3.1/../../../../arm-none-eabi/lib/thumb/v7e-m/fpv4-sp/hard\libc_nano.a(lib_a-exit.o)
                              c:/st/stm32cubeide_1.4.0/stm32cubeide/plugins/com.st.stm32cube.ide.mcu.externaltools.gnu-tools-for-stm32.7-2018-q2-update.win32_1.4.0.202007081208/tools/bin/../lib/gcc/arm-none-eabi/7.3.1/../../../../arm-none-eabi/lib/thumb/v7e-m/fpv4-sp/hard/crt0.o (exit)
c:/st/stm32cubeide_1.4.0/stm32cubeide/plugins/com.st.stm32cube.ide.mcu.externaltools.gnu-tools-for-stm32.7-2018-q2-update.win32_1.4.0.202007081208/tools/bin/../lib/gcc/arm-none-eabi/7.3.1/../../../../arm-none-eabi/lib/thumb/v7e-m/fpv4-sp/hard\libc_nano.a(lib_a-impure.o)
                              c:/st/stm32cubeide_1.4.0/stm32cubeide/plugins/com.st.stm32cube.ide.mcu.externaltools.gnu-tools-for-stm32.7-2018-q2-update.win32_1.4.0.202007081208/tools/bin/../lib/gcc/arm-none-eabi/7.3.1/../../../../arm-none-eabi/lib/thumb/v7e-m/fpv4-sp/hard\libc_nano.a(lib_a-exit.o) (_global_impure_ptr)
c:/st/stm32cubeide_1.4.0/stm32cubeide/plugins/com.st.stm32cube.ide.mcu.externaltools.gnu-tools-for-stm32.7-2018-q2-update.win32_1.4.0.202007081208/tools/bin/../lib/gcc/arm-none-eabi/7.3.1/../../../../arm-none-eabi/lib/thumb/v7e-m/fpv4-sp/hard\libc_nano.a(lib_a-init.o)
                              c:/st/stm32cubeide_1.4.0/stm32cubeide/plugins/com.st.stm32cube.ide.mcu.externaltools.gnu-tools-for-stm32.7-2018-q2-update.win32_1.4.0.202007081208/tools/bin/../lib/gcc/arm-none-eabi/7.3.1/../../../../arm-none-eabi/lib/thumb/v7e-m/fpv4-sp/hard/crt0.o (__libc_init_array)
c:/st/stm32cubeide_1.4.0/stm32cubeide/plugins/com.st.stm32cube.ide.mcu.externaltools.gnu-tools-for-stm32.7-2018-q2-update.win32_1.4.0.202007081208/tools/bin/../lib/gcc/arm-none-eabi/7.3.1/../../../../arm-none-eabi/lib/thumb/v7e-m/fpv4-sp/hard\libc_nano.a(lib_a-memset.o)
                              c:/st/stm32cubeide_1.4.0/stm32cubeide/plugins/com.st.stm32cube.ide.mcu.externaltools.gnu-tools-for-stm32.7-2018-q2-update.win32_1.4.0.202007081208/tools/bin/../lib/gcc/arm-none-eabi/7.3.1/../../../../arm-none-eabi/lib/thumb/v7e-m/fpv4-sp/hard/crt0.o (memset)
c:/st/stm32cubeide_1.4.0/stm32cubeide/plugins/com.st.stm32cube.ide.mcu.externaltools.gnu-tools-for-stm32.7-2018-q2-update.win32_1.4.0.202007081208/tools/bin/../lib/gcc/arm-none-eabi/7.3.1/thumb/v7e-m/fpv4-sp/hard\libgcc.a(_aeabi_uldivmod.o)
                              Drivers/STM32F4xx_HAL_Driver/Src/stm32f4xx_hal_rcc.o (__aeabi_uldivmod)
c:/st/stm32cubeide_1.4.0/stm32cubeide/plugins/com.st.stm32cube.ide.mcu.externaltools.gnu-tools-for-stm32.7-2018-q2-update.win32_1.4.0.202007081208/tools/bin/../lib/gcc/arm-none-eabi/7.3.1/thumb/v7e-m/fpv4-sp/hard\libgcc.a(_udivmoddi4.o)
                              c:/st/stm32cubeide_1.4.0/stm32cubeide/plugins/com.st.stm32cube.ide.mcu.externaltools.gnu-tools-for-stm32.7-2018-q2-update.win32_1.4.0.202007081208/tools/bin/../lib/gcc/arm-none-eabi/7.3.1/thumb/v7e-m/fpv4-sp/hard\libgcc.a(_aeabi_uldivmod.o) (__udivmoddi4)
c:/st/stm32cubeide_1.4.0/stm32cubeide/plugins/com.st.stm32cube.ide.mcu.externaltools.gnu-tools-for-stm32.7-2018-q2-update.win32_1.4.0.202007081208/tools/bin/../lib/gcc/arm-none-eabi/7.3.1/thumb/v7e-m/fpv4-sp/hard\libgcc.a(_dvmd_tls.o)
                              c:/st/stm32cubeide_1.4.0/stm32cubeide/plugins/com.st.stm32cube.ide.mcu.externaltools.gnu-tools-for-stm32.7-2018-q2-update.win32_1.4.0.202007081208/tools/bin/../lib/gcc/arm-none-eabi/7.3.1/thumb/v7e-m/fpv4-sp/hard\libgcc.a(_aeabi_uldivmod.o) (__aeabi_ldiv0)

Allocating common symbols
Common symbol       size              file

uwTick              0x4               Drivers/STM32F4xx_HAL_Driver/Src/stm32f4xx_hal.o
pFlash              0x20              Drivers/STM32F4xx_HAL_Driver/Src/stm32f4xx_hal_flash.o

Discarded input sections

 .text          0x0000000000000000        0x0 c:/st/stm32cubeide_1.4.0/stm32cubeide/plugins/com.st.stm32cube.ide.mcu.externaltools.gnu-tools-for-stm32.7-2018-q2-update.win32_1.4.0.202007081208/tools/bin/../lib/gcc/arm-none-eabi/7.3.1/thumb/v7e-m/fpv4-sp/hard/crti.o
 .data          0x0000000000000000        0x0 c:/st/stm32cubeide_1.4.0/stm32cubeide/plugins/com.st.stm32cube.ide.mcu.externaltools.gnu-tools-for-stm32.7-2018-q2-update.win32_1.4.0.202007081208/tools/bin/../lib/gcc/arm-none-eabi/7.3.1/thumb/v7e-m/fpv4-sp/hard/crti.o
[...]
Memory Configuration

Name             Origin             Length             Attributes
RAM              0x0000000020000000 0x0000000000018000 xrw
FLASH            0x0000000008000000 0x0000000000080000 xr
*default*        0x0000000000000000 0xffffffffffffffff

Linker script and memory map

LOAD c:/st/stm32cubeide_1.4.0/stm32cubeide/plugins/com.st.stm32cube.ide.mcu.externaltools.gnu-tools-for-stm32.7-2018-q2-update.win32_1.4.0.202007081208/tools/bin/../lib/gcc/arm-none-eabi/7.3.1/thumb/v7e-m/fpv4-sp/hard/crti.o
LOAD c:/st/stm32cubeide_1.4.0/stm32cubeide/plugins/com.st.stm32cube.ide.mcu.externaltools.gnu-tools-for-stm32.7-2018-q2-update.win32_1.4.0.202007081208/tools/bin/../lib/gcc/arm-none-eabi/7.3.1/thumb/v7e-m/fpv4-sp/hard/crtbegin.o
LOAD c:/st/stm32cubeide_1.4.0/stm32cubeide/plugins/com.st.stm32cube.ide.mcu.externaltools.gnu-tools-for-stm32.7-2018-q2-update.win32_1.4.0.202007081208/tools/bin/../lib/gcc/arm-none-eabi/7.3.1/../../../../arm-none-eabi/lib/thumb/v7e-m/fpv4-sp/hard/crt0.o
LOAD Core/Src/game.o
LOAD Core/Src/keypad.o
LOAD Core/Src/lcd.o
LOAD Core/Src/main.o
LOAD Core/Src/stm32f4xx_hal_msp.o
LOAD Core/Src/stm32f4xx_it.o
LOAD Core/Src/syscalls.o
LOAD Core/Src/sysmem.o
LOAD Core/Src/system_stm32f4xx.o
LOAD Core/Startup/startup_stm32f401retx.o
LOAD Drivers/STM32F4xx_HAL_Driver/Src/stm32f4xx_hal.o
LOAD Drivers/STM32F4xx_HAL_Driver/Src/stm32f4xx_hal_cortex.o
LOAD Drivers/STM32F4xx_HAL_Driver/Src/stm32f4xx_hal_dma.o
LOAD Drivers/STM32F4xx_HAL_Driver/Src/stm32f4xx_hal_dma_ex.o
LOAD Drivers/STM32F4xx_HAL_Driver/Src/stm32f4xx_hal_exti.o
LOAD Drivers/STM32F4xx_HAL_Driver/Src/stm32f4xx_hal_flash.o
LOAD Drivers/STM32F4xx_HAL_Driver/Src/stm32f4xx_hal_flash_ex.o
LOAD Drivers/STM32F4xx_HAL_Driver/Src/stm32f4xx_hal_flash_ramfunc.o
LOAD Drivers/STM32F4xx_HAL_Driver/Src/stm32f4xx_hal_gpio.o
LOAD Drivers/STM32F4xx_HAL_Driver/Src/stm32f4xx_hal_pwr.o
LOAD Drivers/STM32F4xx_HAL_Driver/Src/stm32f4xx_hal_pwr_ex.o
LOAD Drivers/STM32F4xx_HAL_Driver/Src/stm32f4xx_hal_rcc.o
LOAD Drivers/STM32F4xx_HAL_Driver/Src/stm32f4xx_hal_rcc_ex.o
LOAD Drivers/STM32F4xx_HAL_Driver/Src/stm32f4xx_hal_tim.o
LOAD Drivers/STM32F4xx_HAL_Driver/Src/stm32f4xx_hal_tim_ex.o
START GROUP
LOAD c:/st/stm32cubeide_1.4.0/stm32cubeide/plugins/com.st.stm32cube.ide.mcu.externaltools.gnu-tools-for-stm32.7-2018-q2-update.win32_1.4.0.202007081208/tools/bin/../lib/gcc/arm-none-eabi/7.3.1/../../../../arm-none-eabi/lib/thumb/v7e-m/fpv4-sp/hard\libstdc++_nano.a
LOAD c:/st/stm32cubeide_1.4.0/stm32cubeide/plugins/com.st.stm32cube.ide.mcu.externaltools.gnu-tools-for-stm32.7-2018-q2-update.win32_1.4.0.202007081208/tools/bin/../lib/gcc/arm-none-eabi/7.3.1/../../../../arm-none-eabi/lib/thumb/v7e-m/fpv4-sp/hard\libsupc++_nano.a
END GROUP
LOAD c:/st/stm32cubeide_1.4.0/stm32cubeide/plugins/com.st.stm32cube.ide.mcu.externaltools.gnu-tools-for-stm32.7-2018-q2-update.win32_1.4.0.202007081208/tools/bin/../lib/gcc/arm-none-eabi/7.3.1/../../../../arm-none-eabi/lib/thumb/v7e-m/fpv4-sp/hard\libstdc++_nano.a
LOAD c:/st/stm32cubeide_1.4.0/stm32cubeide/plugins/com.st.stm32cube.ide.mcu.externaltools.gnu-tools-for-stm32.7-2018-q2-update.win32_1.4.0.202007081208/tools/bin/../lib/gcc/arm-none-eabi/7.3.1/../../../../arm-none-eabi/lib/thumb/v7e-m/fpv4-sp/hard\libm.a
LOAD c:/st/stm32cubeide_1.4.0/stm32cubeide/plugins/com.st.stm32cube.ide.mcu.externaltools.gnu-tools-for-stm32.7-2018-q2-update.win32_1.4.0.202007081208/tools/bin/../lib/gcc/arm-none-eabi/7.3.1/../../../../arm-none-eabi/lib/thumb/v7e-m/fpv4-sp/hard\libc_nano.a
START GROUP
LOAD c:/st/stm32cubeide_1.4.0/stm32cubeide/plugins/com.st.stm32cube.ide.mcu.externaltools.gnu-tools-for-stm32.7-2018-q2-update.win32_1.4.0.202007081208/tools/bin/../lib/gcc/arm-none-eabi/7.3.1/thumb/v7e-m/fpv4-sp/hard\libgcc.a
LOAD c:/st/stm32cubeide_1.4.0/stm32cubeide/plugins/com.st.stm32cube.ide.mcu.externaltools.gnu-tools-for-stm32.7-2018-q2-update.win32_1.4.0.202007081208/tools/bin/../lib/gcc/arm-none-eabi/7.3.1/../../../../arm-none-eabi/lib/thumb/v7e-m/fpv4-sp/hard\libc_nano.a
END GROUP
START GROUP
LOAD c:/st/stm32cubeide_1.4.0/stm32cubeide/plugins/com.st.stm32cube.ide.mcu.externaltools.gnu-tools-for-stm32.7-2018-q2-update.win32_1.4.0.202007081208/tools/bin/../lib/gcc/arm-none-eabi/7.3.1/thumb/v7e-m/fpv4-sp/hard\libgcc.a
LOAD c:/st/stm32cubeide_1.4.0/stm32cubeide/plugins/com.st.stm32cube.ide.mcu.externaltools.gnu-tools-for-stm32.7-2018-q2-update.win32_1.4.0.202007081208/tools/bin/../lib/gcc/arm-none-eabi/7.3.1/../../../../arm-none-eabi/lib/thumb/v7e-m/fpv4-sp/hard\libc_nano.a
LOAD c:/st/stm32cubeide_1.4.0/stm32cubeide/plugins/com.st.stm32cube.ide.mcu.externaltools.gnu-tools-for-stm32.7-2018-q2-update.win32_1.4.0.202007081208/tools/bin/../lib/gcc/arm-none-eabi/7.3.1/../../../../arm-none-eabi/lib/thumb/v7e-m/fpv4-sp/hard\libnosys.a
END GROUP
START GROUP
LOAD c:/st/stm32cubeide_1.4.0/stm32cubeide/plugins/com.st.stm32cube.ide.mcu.externaltools.gnu-tools-for-stm32.7-2018-q2-update.win32_1.4.0.202007081208/tools/bin/../lib/gcc/arm-none-eabi/7.3.1/thumb/v7e-m/fpv4-sp/hard\libgcc.a
LOAD c:/st/stm32cubeide_1.4.0/stm32cubeide/plugins/com.st.stm32cube.ide.mcu.externaltools.gnu-tools-for-stm32.7-2018-q2-update.win32_1.4.0.202007081208/tools/bin/../lib/gcc/arm-none-eabi/7.3.1/../../../../arm-none-eabi/lib/thumb/v7e-m/fpv4-sp/hard\libc_nano.a
LOAD c:/st/stm32cubeide_1.4.0/stm32cubeide/plugins/com.st.stm32cube.ide.mcu.externaltools.gnu-tools-for-stm32.7-2018-q2-update.win32_1.4.0.202007081208/tools/bin/../lib/gcc/arm-none-eabi/7.3.1/../../../../arm-none-eabi/lib/thumb/v7e-m/fpv4-sp/hard\libnosys.a
END GROUP
LOAD c:/st/stm32cubeide_1.4.0/stm32cubeide/plugins/com.st.stm32cube.ide.mcu.externaltools.gnu-tools-for-stm32.7-2018-q2-update.win32_1.4.0.202007081208/tools/bin/../lib/gcc/arm-none-eabi/7.3.1/thumb/v7e-m/fpv4-sp/hard/crtend.o
LOAD c:/st/stm32cubeide_1.4.0/stm32cubeide/plugins/com.st.stm32cube.ide.mcu.externaltools.gnu-tools-for-stm32.7-2018-q2-update.win32_1.4.0.202007081208/tools/bin/../lib/gcc/arm-none-eabi/7.3.1/thumb/v7e-m/fpv4-sp/hard/crtn.o
                0x0000000020018000                _estack = (ORIGIN (RAM) + LENGTH (RAM))
                0x0000000000000200                _Min_Heap_Size = 0x200
                0x0000000000000400                _Min_Stack_Size = 0x400

.isr_vector     0x0000000008000000      0x194
                0x0000000008000000                . = ALIGN (0x4)
 *(.isr_vector)
 .isr_vector    0x0000000008000000      0x194 Core/Startup/startup_stm32f401retx.o
                0x0000000008000000                g_pfnVectors
                0x0000000008000194                . = ALIGN (0x4)

.text           0x0000000008000194     0x165c
                0x0000000008000194                . = ALIGN (0x4)
 *(.text)
 .text          0x0000000008000194       0x40 c:/st/stm32cubeide_1.4.0/stm32cubeide/plugins/com.st.stm32cube.ide.mcu.externaltools.gnu-tools-for-stm32.7-2018-q2-update.win32_1.4.0.202007081208/tools/bin/../lib/gcc/arm-none-eabi/7.3.1/thumb/v7e-m/fpv4-sp/hard/crtbegin.o
 *(.text*)
 .text._ZL15UpdateGameBoardR3LCDRcPA5_c
                0x00000000080001d4       0xac Core/Src/game.o
 .text._ZL16DisplayGameBoardR3LCDPA5_c
                0x0000000008000280       0x68 Core/Src/game.o
 .text._ZL21CheckForHorizontalWinPA5_c
                0x00000000080002e8       0x96 Core/Src/game.o
 .text._ZL19CheckForVerticalWinPA5_c
                0x000000000800037e       0x8e Core/Src/game.o
 .text._ZL19CheckForDiagonalWinPA5_c
                0x000000000800040c       0x82 Core/Src/game.o
 *fill*         0x000000000800048e        0x2 
 .text._Z17Game_DisplayIntroR3LCD
                0x0000000008000490       0x70 Core/Src/game.o
                0x0000000008000490                Game_DisplayIntro(LCD&)
 .text._Z16Game_DisplayMenuR3LCD
                0x0000000008000500       0x70 Core/Src/game.o
                0x0000000008000500                Game_DisplayMenu(LCD&)
 .text._Z17Game_DisplayRulesR3LCD
                0x0000000008000570       0xd4 Core/Src/game.o
                0x0000000008000570                Game_DisplayRules(LCD&)
 .text._Z10Game_StartR3LCDR6Keypad
                0x0000000008000644       0xe4 Core/Src/game.o
                0x0000000008000644                Game_Start(LCD&, Keypad&)
 .text._ZN6Keypad9SelectRowEh
                0x0000000008000728       0x70 Core/Src/keypad.o
                0x0000000008000728                Keypad::SelectRow(unsigned char)
 .text._ZN6Keypad11IsDebouncedEh
                0x0000000008000798       0x7c Core/Src/keypad.o
                0x0000000008000798                Keypad::IsDebounced(unsigned char)
 .text._ZN6KeypadC2EP11pinStruct_tS1_
                0x0000000008000814      0x19c Core/Src/keypad.o
                0x0000000008000814                Keypad::Keypad(pinStruct_t*, pinStruct_t*)
                0x0000000008000814                Keypad::Keypad(pinStruct_t*, pinStruct_t*)
 .text._ZN6Keypad17GetCharShortPressEv
                0x00000000080009b0       0xe0 Core/Src/keypad.o
                0x00000000080009b0                Keypad::GetCharShortPress()
 .text._ZN3LCD11WriteNibbleEch
                0x0000000008000a90       0xd2 Core/Src/lcd.o
                0x0000000008000a90                LCD::WriteNibble(char, unsigned char)
 .text._ZN3LCD9WriteByteE13GPIO_PinStatec
                0x0000000008000b62       0x40 Core/Src/lcd.o
                0x0000000008000b62                LCD::WriteByte(GPIO_PinState, char)
 .text._ZN3LCD10WriteBytesEPKc
                0x0000000008000ba2       0x30 Core/Src/lcd.o
                0x0000000008000ba2                LCD::WriteBytes(char const*)
 *fill*         0x0000000008000bd2        0x2 
 .text._ZN3LCDC2ER11pinStruct_tS1_S1_S1_S1_S1_
                0x0000000008000bd4      0x1c8 Core/Src/lcd.o
                0x0000000008000bd4                LCD::LCD(pinStruct_t&, pinStruct_t&, pinStruct_t&, pinStruct_t&, pinStruct_t&, pinStruct_t&)
                0x0000000008000bd4                LCD::LCD(pinStruct_t&, pinStruct_t&, pinStruct_t&, pinStruct_t&, pinStruct_t&, pinStruct_t&)
 .text._ZN3LCD9SetCursorEhh
                0x0000000008000d9c       0x50 Core/Src/lcd.o
                0x0000000008000d9c                LCD::SetCursor(unsigned char, unsigned char)
 .text._ZN3LCD5PrintEc
                0x0000000008000dec       0x20 Core/Src/lcd.o
                0x0000000008000dec                LCD::Print(char)
 .text._ZN3LCD5PrintEPKc
                0x0000000008000e0c       0x1a Core/Src/lcd.o
                0x0000000008000e0c                LCD::Print(char const*)
 .text._ZN3LCD5ClearEv
                0x0000000008000e26       0x1a Core/Src/lcd.o
                0x0000000008000e26                LCD::Clear()
 .text.main     0x0000000008000e40      0x1b8 Core/Src/main.o
                0x0000000008000e40                main
 .text.SysTick_Handler
                0x0000000008000ff8        0xc Core/Src/main.o
                0x0000000008000ff8                SysTick_Handler
 .text.HAL_MspInit
                0x0000000008001004       0x50 Core/Src/stm32f4xx_hal_msp.o
                0x0000000008001004                HAL_MspInit
 .text.NMI_Handler
                0x0000000008001054        0xe Core/Src/stm32f4xx_it.o
                0x0000000008001054                NMI_Handler
 .text.HardFault_Handler
                0x0000000008001062        0x6 Core/Src/stm32f4xx_it.o
                0x0000000008001062                HardFault_Handler
 .text.MemManage_Handler
                0x0000000008001068        0x6 Core/Src/stm32f4xx_it.o
                0x0000000008001068                MemManage_Handler
 .text.BusFault_Handler
                0x000000000800106e        0x6 Core/Src/stm32f4xx_it.o
                0x000000000800106e                BusFault_Handler
 .text.UsageFault_Handler
                0x0000000008001074        0x6 Core/Src/stm32f4xx_it.o
                0x0000000008001074                UsageFault_Handler
 .text.SVC_Handler
                0x000000000800107a        0xe Core/Src/stm32f4xx_it.o
                0x000000000800107a                SVC_Handler
 .text.DebugMon_Handler
                0x0000000008001088        0xe Core/Src/stm32f4xx_it.o
                0x0000000008001088                DebugMon_Handler
 .text.PendSV_Handler
                0x0000000008001096        0xe Core/Src/stm32f4xx_it.o
                0x0000000008001096                PendSV_Handler
 .text.SystemInit
                0x00000000080010a4       0x2c Core/Src/system_stm32f4xx.o
                0x00000000080010a4                SystemInit
 .text.Reset_Handler
                0x00000000080010d0       0x50 Core/Startup/startup_stm32f401retx.o
                0x00000000080010d0                Reset_Handler
 .text.Default_Handler
                0x0000000008001120        0x2 Core/Startup/startup_stm32f401retx.o
                0x0000000008001120                RTC_Alarm_IRQHandler
                0x0000000008001120                EXTI2_IRQHandler
                0x0000000008001120                SPI4_IRQHandler
                0x0000000008001120                TIM1_CC_IRQHandler
                0x0000000008001120                DMA2_Stream5_IRQHandler
                0x0000000008001120                DMA1_Stream5_IRQHandler
                0x0000000008001120                PVD_IRQHandler
                0x0000000008001120                SDIO_IRQHandler
                0x0000000008001120                TAMP_STAMP_IRQHandler
                0x0000000008001120                EXTI3_IRQHandler
                0x0000000008001120                TIM1_UP_TIM10_IRQHandler
                0x0000000008001120                I2C3_ER_IRQHandler
                0x0000000008001120                EXTI0_IRQHandler
                0x0000000008001120                I2C2_EV_IRQHandler
                0x0000000008001120                DMA1_Stream2_IRQHandler
                0x0000000008001120                FPU_IRQHandler
                0x0000000008001120                DMA2_Stream2_IRQHandler
                0x0000000008001120                SPI1_IRQHandler
                0x0000000008001120                TIM1_BRK_TIM9_IRQHandler
                0x0000000008001120                DMA2_Stream3_IRQHandler
                0x0000000008001120                USART6_IRQHandler
                0x0000000008001120                DMA2_Stream0_IRQHandler
                0x0000000008001120                TIM4_IRQHandler
                0x0000000008001120                I2C1_EV_IRQHandler
                0x0000000008001120                DMA1_Stream6_IRQHandler
                0x0000000008001120                DMA1_Stream1_IRQHandler
                0x0000000008001120                TIM3_IRQHandler
                0x0000000008001120                RCC_IRQHandler
                0x0000000008001120                Default_Handler
                0x0000000008001120                EXTI15_10_IRQHandler
                0x0000000008001120                ADC_IRQHandler
                0x0000000008001120                DMA1_Stream7_IRQHandler
                0x0000000008001120                TIM5_IRQHandler
                0x0000000008001120                DMA2_Stream7_IRQHandler
                0x0000000008001120                I2C3_EV_IRQHandler
                0x0000000008001120                EXTI9_5_IRQHandler
                0x0000000008001120                RTC_WKUP_IRQHandler
                0x0000000008001120                SPI2_IRQHandler
                0x0000000008001120                DMA1_Stream0_IRQHandler
                0x0000000008001120                EXTI4_IRQHandler
                0x0000000008001120                WWDG_IRQHandler
                0x0000000008001120                TIM2_IRQHandler
                0x0000000008001120                OTG_FS_WKUP_IRQHandler
                0x0000000008001120                TIM1_TRG_COM_TIM11_IRQHandler
                0x0000000008001120                EXTI1_IRQHandler
                0x0000000008001120                USART2_IRQHandler
                0x0000000008001120                I2C2_ER_IRQHandler
                0x0000000008001120                DMA2_Stream1_IRQHandler
                0x0000000008001120                FLASH_IRQHandler
                0x0000000008001120                DMA2_Stream4_IRQHandler
                0x0000000008001120                USART1_IRQHandler
                0x0000000008001120                OTG_FS_IRQHandler
                0x0000000008001120                SPI3_IRQHandler
                0x0000000008001120                DMA1_Stream4_IRQHandler
                0x0000000008001120                I2C1_ER_IRQHandler
                0x0000000008001120                DMA2_Stream6_IRQHandler
                0x0000000008001120                DMA1_Stream3_IRQHandler
 *fill*         0x0000000008001122        0x2 
 .text.HAL_Init
                0x0000000008001124       0x44 Drivers/STM32F4xx_HAL_Driver/Src/stm32f4xx_hal.o
                0x0000000008001124                HAL_Init
 .text.HAL_InitTick
                0x0000000008001168       0x60 Drivers/STM32F4xx_HAL_Driver/Src/stm32f4xx_hal.o
                0x0000000008001168                HAL_InitTick
 .text.HAL_IncTick
                0x00000000080011c8       0x28 Drivers/STM32F4xx_HAL_Driver/Src/stm32f4xx_hal.o
                0x00000000080011c8                HAL_IncTick
 .text.HAL_GetTick
                0x00000000080011f0       0x18 Drivers/STM32F4xx_HAL_Driver/Src/stm32f4xx_hal.o
                0x00000000080011f0                HAL_GetTick
 .text.HAL_Delay
                0x0000000008001208       0x44 Drivers/STM32F4xx_HAL_Driver/Src/stm32f4xx_hal.o
                0x0000000008001208                HAL_Delay
 .text.__NVIC_SetPriorityGrouping
                0x000000000800124c       0x48 Drivers/STM32F4xx_HAL_Driver/Src/stm32f4xx_hal_cortex.o
 .text.__NVIC_GetPriorityGrouping
                0x0000000008001294       0x1c Drivers/STM32F4xx_HAL_Driver/Src/stm32f4xx_hal_cortex.o
 .text.__NVIC_SetPriority
                0x00000000080012b0       0x54 Drivers/STM32F4xx_HAL_Driver/Src/stm32f4xx_hal_cortex.o
 .text.NVIC_EncodePriority
                0x0000000008001304       0x66 Drivers/STM32F4xx_HAL_Driver/Src/stm32f4xx_hal_cortex.o
 *fill*         0x000000000800136a        0x2 
 .text.SysTick_Config
                0x000000000800136c       0x44 Drivers/STM32F4xx_HAL_Driver/Src/stm32f4xx_hal_cortex.o
 .text.HAL_NVIC_SetPriorityGrouping
                0x00000000080013b0       0x16 Drivers/STM32F4xx_HAL_Driver/Src/stm32f4xx_hal_cortex.o
                0x00000000080013b0                HAL_NVIC_SetPriorityGrouping
 .text.HAL_NVIC_SetPriority
                0x00000000080013c6       0x38 Drivers/STM32F4xx_HAL_Driver/Src/stm32f4xx_hal_cortex.o
                0x00000000080013c6                HAL_NVIC_SetPriority
 .text.HAL_SYSTICK_Config
                0x00000000080013fe       0x18 Drivers/STM32F4xx_HAL_Driver/Src/stm32f4xx_hal_cortex.o
                0x00000000080013fe                HAL_SYSTICK_Config
 *fill*         0x0000000008001416        0x2 
 .text.HAL_GPIO_Init
                0x0000000008001418      0x304 Drivers/STM32F4xx_HAL_Driver/Src/stm32f4xx_hal_gpio.o
                0x0000000008001418                HAL_GPIO_Init
 .text.HAL_GPIO_ReadPin
                0x000000000800171c       0x30 Drivers/STM32F4xx_HAL_Driver/Src/stm32f4xx_hal_gpio.o
                0x000000000800171c                HAL_GPIO_ReadPin
 .text.HAL_GPIO_WritePin
                0x000000000800174c       0x32 Drivers/STM32F4xx_HAL_Driver/Src/stm32f4xx_hal_gpio.o
                0x000000000800174c                HAL_GPIO_WritePin
 *fill*         0x000000000800177e        0x2 
 .text.__libc_init_array
                0x0000000008001780       0x48 c:/st/stm32cubeide_1.4.0/stm32cubeide/plugins/com.st.stm32cube.ide.mcu.externaltools.gnu-tools-for-stm32.7-2018-q2-update.win32_1.4.0.202007081208/tools/bin/../lib/gcc/arm-none-eabi/7.3.1/../../../../arm-none-eabi/lib/thumb/v7e-m/fpv4-sp/hard\libc_nano.a(lib_a-init.o)
                0x0000000008001780                __libc_init_array
 .text.memset   0x00000000080017c8       0x10 c:/st/stm32cubeide_1.4.0/stm32cubeide/plugins/com.st.stm32cube.ide.mcu.externaltools.gnu-tools-for-stm32.7-2018-q2-update.win32_1.4.0.202007081208/tools/bin/../lib/gcc/arm-none-eabi/7.3.1/../../../../arm-none-eabi/lib/thumb/v7e-m/fpv4-sp/hard\libc_nano.a(lib_a-memset.o)
                0x00000000080017c8                memset
 *(.glue_7)
 .glue_7        0x00000000080017d8        0x0 linker stubs
 *(.glue_7t)
 .glue_7t       0x00000000080017d8        0x0 linker stubs
 *(.eh_frame)
 .eh_frame      0x00000000080017d8        0x0 c:/st/stm32cubeide_1.4.0/stm32cubeide/plugins/com.st.stm32cube.ide.mcu.externaltools.gnu-tools-for-stm32.7-2018-q2-update.win32_1.4.0.202007081208/tools/bin/../lib/gcc/arm-none-eabi/7.3.1/thumb/v7e-m/fpv4-sp/hard/crtbegin.o
 *(.init)
 .init          0x00000000080017d8        0x4 c:/st/stm32cubeide_1.4.0/stm32cubeide/plugins/com.st.stm32cube.ide.mcu.externaltools.gnu-tools-for-stm32.7-2018-q2-update.win32_1.4.0.202007081208/tools/bin/../lib/gcc/arm-none-eabi/7.3.1/thumb/v7e-m/fpv4-sp/hard/crti.o
                0x00000000080017d8                _init
 .init          0x00000000080017dc        0x8 c:/st/stm32cubeide_1.4.0/stm32cubeide/plugins/com.st.stm32cube.ide.mcu.externaltools.gnu-tools-for-stm32.7-2018-q2-update.win32_1.4.0.202007081208/tools/bin/../lib/gcc/arm-none-eabi/7.3.1/thumb/v7e-m/fpv4-sp/hard/crtn.o
 *(.fini)
 .fini          0x00000000080017e4        0x4 c:/st/stm32cubeide_1.4.0/stm32cubeide/plugins/com.st.stm32cube.ide.mcu.externaltools.gnu-tools-for-stm32.7-2018-q2-update.win32_1.4.0.202007081208/tools/bin/../lib/gcc/arm-none-eabi/7.3.1/thumb/v7e-m/fpv4-sp/hard/crti.o
                0x00000000080017e4                _fini
 .fini          0x00000000080017e8        0x8 c:/st/stm32cubeide_1.4.0/stm32cubeide/plugins/com.st.stm32cube.ide.mcu.externaltools.gnu-tools-for-stm32.7-2018-q2-update.win32_1.4.0.202007081208/tools/bin/../lib/gcc/arm-none-eabi/7.3.1/thumb/v7e-m/fpv4-sp/hard/crtn.o
                0x00000000080017f0                . = ALIGN (0x4)
                0x00000000080017f0                _etext = .

.vfp11_veneer   0x00000000080017f0        0x0
 .vfp11_veneer  0x00000000080017f0        0x0 linker stubs

.v4_bx          0x00000000080017f0        0x0
 .v4_bx         0x00000000080017f0        0x0 linker stubs

.iplt           0x00000000080017f0        0x0
 .iplt          0x00000000080017f0        0x0 c:/st/stm32cubeide_1.4.0/stm32cubeide/plugins/com.st.stm32cube.ide.mcu.externaltools.gnu-tools-for-stm32.7-2018-q2-update.win32_1.4.0.202007081208/tools/bin/../lib/gcc/arm-none-eabi/7.3.1/thumb/v7e-m/fpv4-sp/hard/crtbegin.o

.rodata         0x00000000080017f0      0x220
                0x00000000080017f0                . = ALIGN (0x4)
 *(.rodata)
 .rodata        0x00000000080017f0      0x147 Core/Src/game.o
 *fill*         0x0000000008001937        0x1 
 .rodata        0x0000000008001938        0x5 Core/Src/lcd.o
 *fill*         0x000000000800193d        0x3 
 .rodata        0x0000000008001940       0x70 Core/Src/main.o
 *(.rodata*)
 .rodata._ZL12keypadMatrix
                0x00000000080019b0       0x10 Core/Src/keypad.o
 .rodata._ZL9ddramAddr
                0x00000000080019c0       0x50 Core/Src/lcd.o
                0x0000000008001a10                . = ALIGN (0x4)

.rel.dyn        0x0000000008001a10        0x0
 .rel.iplt      0x0000000008001a10        0x0 c:/st/stm32cubeide_1.4.0/stm32cubeide/plugins/com.st.stm32cube.ide.mcu.externaltools.gnu-tools-for-stm32.7-2018-q2-update.win32_1.4.0.202007081208/tools/bin/../lib/gcc/arm-none-eabi/7.3.1/thumb/v7e-m/fpv4-sp/hard/crtbegin.o

.ARM.extab      0x0000000008001a10        0x0
                0x0000000008001a10                . = ALIGN (0x4)
 *(.ARM.extab* .gnu.linkonce.armextab.*)
                0x0000000008001a10                . = ALIGN (0x4)

.ARM            0x0000000008001a10        0x0
                0x0000000008001a10                . = ALIGN (0x4)
                0x0000000008001a10                __exidx_start = .
 *(.ARM.exidx*)
                0x0000000008001a10                __exidx_end = .
                0x0000000008001a10                . = ALIGN (0x4)

.preinit_array  0x0000000008001a10        0x0
                0x0000000008001a10                . = ALIGN (0x4)
                0x0000000008001a10                PROVIDE (__preinit_array_start = .)
 *(.preinit_array*)
                0x0000000008001a10                PROVIDE (__preinit_array_end = .)
                0x0000000008001a10                . = ALIGN (0x4)

.init_array     0x0000000008001a10        0x4
                0x0000000008001a10                . = ALIGN (0x4)
                0x0000000008001a10                PROVIDE (__init_array_start = .)
 *(SORT_BY_NAME(.init_array.*))
 *(.init_array*)
 .init_array    0x0000000008001a10        0x4 c:/st/stm32cubeide_1.4.0/stm32cubeide/plugins/com.st.stm32cube.ide.mcu.externaltools.gnu-tools-for-stm32.7-2018-q2-update.win32_1.4.0.202007081208/tools/bin/../lib/gcc/arm-none-eabi/7.3.1/thumb/v7e-m/fpv4-sp/hard/crtbegin.o
                0x0000000008001a14                PROVIDE (__init_array_end = .)
                0x0000000008001a14                . = ALIGN (0x4)

.fini_array     0x0000000008001a14        0x4
                0x0000000008001a14                . = ALIGN (0x4)
                [!provide]                        PROVIDE (__fini_array_start = .)
 *(SORT_BY_NAME(.fini_array.*))
 *(.fini_array*)
 .fini_array    0x0000000008001a14        0x4 c:/st/stm32cubeide_1.4.0/stm32cubeide/plugins/com.st.stm32cube.ide.mcu.externaltools.gnu-tools-for-stm32.7-2018-q2-update.win32_1.4.0.202007081208/tools/bin/../lib/gcc/arm-none-eabi/7.3.1/thumb/v7e-m/fpv4-sp/hard/crtbegin.o
                [!provide]                        PROVIDE (__fini_array_end = .)
                0x0000000008001a18                . = ALIGN (0x4)
                0x0000000008001a18                _sidata = LOADADDR (.data)

.data           0x0000000020000000       0x18 load address 0x0000000008001a18
                0x0000000020000000                . = ALIGN (0x4)
                0x0000000020000000                _sdata = .
 *(.data)
 *(.data*)
 .data._ZZ10Game_StartR3LCDR6KeypadE8CheckWin
                0x0000000020000000        0xc Core/Src/game.o
 .data.SystemCoreClock
                0x000000002000000c        0x4 Core/Src/system_stm32f4xx.o
                0x000000002000000c                SystemCoreClock
 .data.uwTickPrio
                0x0000000020000010        0x4 Drivers/STM32F4xx_HAL_Driver/Src/stm32f4xx_hal.o
                0x0000000020000010                uwTickPrio
 .data.uwTickFreq
                0x0000000020000014        0x1 Drivers/STM32F4xx_HAL_Driver/Src/stm32f4xx_hal.o
                0x0000000020000014                uwTickFreq
                0x0000000020000018                . = ALIGN (0x4)
 *fill*         0x0000000020000015        0x3 
                0x0000000020000018                _edata = .

.igot.plt       0x0000000020000018        0x0 load address 0x0000000008001a30
 .igot.plt      0x0000000020000018        0x0 c:/st/stm32cubeide_1.4.0/stm32cubeide/plugins/com.st.stm32cube.ide.mcu.externaltools.gnu-tools-for-stm32.7-2018-q2-update.win32_1.4.0.202007081208/tools/bin/../lib/gcc/arm-none-eabi/7.3.1/thumb/v7e-m/fpv4-sp/hard/crtbegin.o
                0x0000000020000018                . = ALIGN (0x4)

.bss            0x0000000020000018       0x74 load address 0x0000000008001a30
                0x0000000020000018                _sbss = .
                0x0000000020000018                __bss_start__ = _sbss
 *(.bss)
 .bss           0x0000000020000018       0x1c c:/st/stm32cubeide_1.4.0/stm32cubeide/plugins/com.st.stm32cube.ide.mcu.externaltools.gnu-tools-for-stm32.7-2018-q2-update.win32_1.4.0.202007081208/tools/bin/../lib/gcc/arm-none-eabi/7.3.1/thumb/v7e-m/fpv4-sp/hard/crtbegin.o
 *(.bss*)
 .bss.player    0x0000000020000034        0x1 Core/Src/game.o
                0x0000000020000034                player
 *fill*         0x0000000020000035        0x3 
 .bss._ZZ4mainE6keypad
                0x0000000020000038       0x18 Core/Src/main.o
 .bss._ZGVZ4mainE6keypad
                0x0000000020000050        0x4 Core/Src/main.o
 .bss._ZZ4mainE3lcd
                0x0000000020000054       0x30 Core/Src/main.o
 .bss._ZGVZ4mainE3lcd
                0x0000000020000084        0x4 Core/Src/main.o
 *(COMMON)
 COMMON         0x0000000020000088        0x4 Drivers/STM32F4xx_HAL_Driver/Src/stm32f4xx_hal.o
                0x0000000020000088                uwTick
                0x000000002000008c                . = ALIGN (0x4)
                0x000000002000008c                _ebss = .
                0x000000002000008c                __bss_end__ = _ebss

._user_heap_stack
                0x000000002000008c      0x604 load address 0x0000000008001a30
                0x0000000020000090                . = ALIGN (0x8)
 *fill*         0x000000002000008c        0x4 
                [!provide]                        PROVIDE (end = .)
                0x0000000020000090                PROVIDE (_end = .)
                0x0000000020000290                . = (. + _Min_Heap_Size)
 *fill*         0x0000000020000090      0x200 
                0x0000000020000690                . = (. + _Min_Stack_Size)
 *fill*         0x0000000020000290      0x400 
                0x0000000020000690                . = ALIGN (0x8)

/DISCARD/
 libc.a(*)
 libm.a(*)
 libgcc.a(*)

.ARM.attributes
                0x0000000000000000       0x30
 *(.ARM.attributes)
 .ARM.attributes
                0x0000000000000000       0x22 c:/st/stm32cubeide_1.4.0/stm32cubeide/plugins/com.st.stm32cube.ide.mcu.externaltools.gnu-tools-for-stm32.7-2018-q2-update.win32_1.4.0.202007081208/tools/bin/../lib/gcc/arm-none-eabi/7.3.1/thumb/v7e-m/fpv4-sp/hard/crti.o
 .ARM.attributes
                0x0000000000000022       0x34 c:/st/stm32cubeide_1.4.0/stm32cubeide/plugins/com.st.stm32cube.ide.mcu.externaltools.gnu-tools-for-stm32.7-2018-q2-update.win32_1.4.0.202007081208/tools/bin/../lib/gcc/arm-none-eabi/7.3.1/thumb/v7e-m/fpv4-sp/hard/crtbegin.o
 .ARM.attributes
                0x0000000000000056       0x39 Core/Src/game.o
 .ARM.attributes
                0x000000000000008f       0x39 Core/Src/keypad.o
 .ARM.attributes
                0x00000000000000c8       0x39 Core/Src/lcd.o
 .ARM.attributes
                0x0000000000000101       0x39 Core/Src/main.o
 .ARM.attributes
                0x000000000000013a       0x39 Core/Src/stm32f4xx_hal_msp.o
 .ARM.attributes
                0x0000000000000173       0x39 Core/Src/stm32f4xx_it.o
 .ARM.attributes
                0x00000000000001ac       0x39 Core/Src/system_stm32f4xx.o
 .ARM.attributes
                0x00000000000001e5       0x21 Core/Startup/startup_stm32f401retx.o
 .ARM.attributes
                0x0000000000000206       0x39 Drivers/STM32F4xx_HAL_Driver/Src/stm32f4xx_hal.o
 .ARM.attributes
                0x000000000000023f       0x39 Drivers/STM32F4xx_HAL_Driver/Src/stm32f4xx_hal_cortex.o
 .ARM.attributes
                0x0000000000000278       0x39 Drivers/STM32F4xx_HAL_Driver/Src/stm32f4xx_hal_gpio.o
 .ARM.attributes
                0x00000000000002b1       0x34 c:/st/stm32cubeide_1.4.0/stm32cubeide/plugins/com.st.stm32cube.ide.mcu.externaltools.gnu-tools-for-stm32.7-2018-q2-update.win32_1.4.0.202007081208/tools/bin/../lib/gcc/arm-none-eabi/7.3.1/../../../../arm-none-eabi/lib/thumb/v7e-m/fpv4-sp/hard\libc_nano.a(lib_a-init.o)
 .ARM.attributes
                0x00000000000002e5       0x34 c:/st/stm32cubeide_1.4.0/stm32cubeide/plugins/com.st.stm32cube.ide.mcu.externaltools.gnu-tools-for-stm32.7-2018-q2-update.win32_1.4.0.202007081208/tools/bin/../lib/gcc/arm-none-eabi/7.3.1/../../../../arm-none-eabi/lib/thumb/v7e-m/fpv4-sp/hard\libc_nano.a(lib_a-memset.o)
 .ARM.attributes
                0x0000000000000319       0x22 c:/st/stm32cubeide_1.4.0/stm32cubeide/plugins/com.st.stm32cube.ide.mcu.externaltools.gnu-tools-for-stm32.7-2018-q2-update.win32_1.4.0.202007081208/tools/bin/../lib/gcc/arm-none-eabi/7.3.1/thumb/v7e-m/fpv4-sp/hard/crtn.o
OUTPUT(TicTacToe.elf elf32-littlearm)

.debug_info     0x0000000000000000     0x4f29
 .debug_info    0x0000000000000000      0xa4c Core/Src/game.o
 .debug_info    0x0000000000000a4c      0x756 Core/Src/keypad.o
 .debug_info    0x00000000000011a2      0xb1f Core/Src/lcd.o
 .debug_info    0x0000000000001cc1      0x90c Core/Src/main.o
 .debug_info    0x00000000000025cd      0x38c Core/Src/stm32f4xx_hal_msp.o
 .debug_info    0x0000000000002959      0x1f9 Core/Src/stm32f4xx_it.o
 .debug_info    0x0000000000002b52      0x57e Core/Src/system_stm32f4xx.o
 .debug_info    0x00000000000030d0       0x22 Core/Startup/startup_stm32f401retx.o
 .debug_info    0x00000000000030f2      0x8ce Drivers/STM32F4xx_HAL_Driver/Src/stm32f4xx_hal.o
 .debug_info    0x00000000000039c0      0xd92 Drivers/STM32F4xx_HAL_Driver/Src/stm32f4xx_hal_cortex.o
 .debug_info    0x0000000000004752      0x7d7 Drivers/STM32F4xx_HAL_Driver/Src/stm32f4xx_hal_gpio.o

.debug_abbrev   0x0000000000000000     0x1464
 .debug_abbrev  0x0000000000000000      0x2d9 Core/Src/game.o
 .debug_abbrev  0x00000000000002d9      0x2b0 Core/Src/keypad.o
 .debug_abbrev  0x0000000000000589      0x2e2 Core/Src/lcd.o
 .debug_abbrev  0x000000000000086b      0x250 Core/Src/main.o
 .debug_abbrev  0x0000000000000abb      0x109 Core/Src/stm32f4xx_hal_msp.o
 .debug_abbrev  0x0000000000000bc4       0xae Core/Src/stm32f4xx_it.o
 .debug_abbrev  0x0000000000000c72      0x12b Core/Src/system_stm32f4xx.o
 .debug_abbrev  0x0000000000000d9d       0x12 Core/Startup/startup_stm32f401retx.o
 .debug_abbrev  0x0000000000000daf      0x1f2 Drivers/STM32F4xx_HAL_Driver/Src/stm32f4xx_hal.o
 .debug_abbrev  0x0000000000000fa1      0x2fa Drivers/STM32F4xx_HAL_Driver/Src/stm32f4xx_hal_cortex.o
 .debug_abbrev  0x000000000000129b      0x1c9 Drivers/STM32F4xx_HAL_Driver/Src/stm32f4xx_hal_gpio.o

.debug_aranges  0x0000000000000000      0x470
 .debug_aranges
                0x0000000000000000       0x60 Core/Src/game.o
 .debug_aranges
                0x0000000000000060       0x40 Core/Src/keypad.o
 .debug_aranges
                0x00000000000000a0       0x80 Core/Src/lcd.o
 .debug_aranges
                0x0000000000000120       0x28 Core/Src/main.o
 .debug_aranges
                0x0000000000000148       0x20 Core/Src/stm32f4xx_hal_msp.o
 .debug_aranges
                0x0000000000000168       0x58 Core/Src/stm32f4xx_it.o
 .debug_aranges
                0x00000000000001c0       0x28 Core/Src/system_stm32f4xx.o
 .debug_aranges
                0x00000000000001e8       0x28 Core/Startup/startup_stm32f401retx.o
 .debug_aranges
                0x0000000000000210       0xf0 Drivers/STM32F4xx_HAL_Driver/Src/stm32f4xx_hal.o
 .debug_aranges
                0x0000000000000300      0x118 Drivers/STM32F4xx_HAL_Driver/Src/stm32f4xx_hal_cortex.o
 .debug_aranges
                0x0000000000000418       0x58 Drivers/STM32F4xx_HAL_Driver/Src/stm32f4xx_hal_gpio.o

.debug_ranges   0x0000000000000000      0x3e0
 .debug_ranges  0x0000000000000000       0x68 Core/Src/game.o
 .debug_ranges  0x0000000000000068       0x30 Core/Src/keypad.o
 .debug_ranges  0x0000000000000098       0x70 Core/Src/lcd.o
 .debug_ranges  0x0000000000000108       0x18 Core/Src/main.o
 .debug_ranges  0x0000000000000120       0x10 Core/Src/stm32f4xx_hal_msp.o
 .debug_ranges  0x0000000000000130       0x48 Core/Src/stm32f4xx_it.o
 .debug_ranges  0x0000000000000178       0x18 Core/Src/system_stm32f4xx.o
 .debug_ranges  0x0000000000000190       0x20 Core/Startup/startup_stm32f401retx.o
 .debug_ranges  0x00000000000001b0       0xe0 Drivers/STM32F4xx_HAL_Driver/Src/stm32f4xx_hal.o
 .debug_ranges  0x0000000000000290      0x108 Drivers/STM32F4xx_HAL_Driver/Src/stm32f4xx_hal_cortex.o
 .debug_ranges  0x0000000000000398       0x48 Drivers/STM32F4xx_HAL_Driver/Src/stm32f4xx_hal_gpio.o

.debug_macro    0x0000000000000000    0x161a0
 .debug_macro   0x0000000000000000      0x1e2 Core/Src/game.o
 .debug_macro   0x00000000000001e2      0xb2c Core/Src/game.o
 .debug_macro   0x0000000000000d0e      0x288 Core/Src/game.o
 .debug_macro   0x0000000000000f96       0x2e Core/Src/game.o
 .debug_macro   0x0000000000000fc4       0x28 Core/Src/game.o
 .debug_macro   0x0000000000000fec       0x1c Core/Src/game.o
 .debug_macro   0x0000000000001008       0x22 Core/Src/game.o
 .debug_macro   0x000000000000102a       0x8e Core/Src/game.o
 .debug_macro   0x00000000000010b8       0x51 Core/Src/game.o
 .debug_macro   0x0000000000001109       0xef Core/Src/game.o
 .debug_macro   0x00000000000011f8       0x6a Core/Src/game.o
 .debug_macro   0x0000000000001262      0x1df Core/Src/game.o
 .debug_macro   0x0000000000001441       0x1c Core/Src/game.o
 .debug_macro   0x000000000000145d       0x22 Core/Src/game.o
 .debug_macro   0x000000000000147f       0xdf Core/Src/game.o
 .debug_macro   0x000000000000155e     0x102d Core/Src/game.o
 .debug_macro   0x000000000000258b      0x11f Core/Src/game.o
 .debug_macro   0x00000000000026aa     0xb850 Core/Src/game.o
 .debug_macro   0x000000000000defa       0x43 Core/Src/game.o
 .debug_macro   0x000000000000df3d     0x3659 Core/Src/game.o
 .debug_macro   0x0000000000011596      0x17b Core/Src/game.o
 .debug_macro   0x0000000000011711       0x5a Core/Src/game.o
 .debug_macro   0x000000000001176b      0x416 Core/Src/game.o
 .debug_macro   0x0000000000011b81      0x9fe Core/Src/game.o
 .debug_macro   0x000000000001257f      0x117 Core/Src/game.o
 .debug_macro   0x0000000000012696       0xf8 Core/Src/game.o
 .debug_macro   0x000000000001278e       0x27 Core/Src/game.o
 .debug_macro   0x00000000000127b5      0x15f Core/Src/game.o
 .debug_macro   0x0000000000012914      0x287 Core/Src/game.o
 .debug_macro   0x0000000000012b9b       0x5f Core/Src/game.o
 .debug_macro   0x0000000000012bfa      0x236 Core/Src/game.o
 .debug_macro   0x0000000000012e30      0x132 Core/Src/game.o
 .debug_macro   0x0000000000012f62      0x264 Core/Src/game.o
 .debug_macro   0x00000000000131c6       0x2e Core/Src/game.o
 .debug_macro   0x00000000000131f4      0x11a Core/Src/game.o
 .debug_macro   0x000000000001330e       0x85 Core/Src/game.o
 .debug_macro   0x0000000000013393       0x89 Core/Src/game.o
 .debug_macro   0x000000000001341c      0x126 Core/Src/game.o
 .debug_macro   0x0000000000013542       0x10 Core/Src/game.o
 .debug_macro   0x0000000000013552      0x1ce Core/Src/keypad.o
 .debug_macro   0x0000000000013720      0x1c9 Core/Src/lcd.o
 .debug_macro   0x00000000000138e9      0x1e2 Core/Src/main.o
 .debug_macro   0x0000000000013acb      0x1ba Core/Src/stm32f4xx_hal_msp.o
 .debug_macro   0x0000000000013c85      0xa5a Core/Src/stm32f4xx_hal_msp.o
 .debug_macro   0x00000000000146df     0x102d Core/Src/stm32f4xx_hal_msp.o
 .debug_macro   0x000000000001570c      0x174 Core/Src/stm32f4xx_hal_msp.o
 .debug_macro   0x0000000000015880      0x1c4 Core/Src/stm32f4xx_it.o
 .debug_macro   0x0000000000015a44      0x1b6 Core/Src/system_stm32f4xx.o
 .debug_macro   0x0000000000015bfa      0x210 Drivers/STM32F4xx_HAL_Driver/Src/stm32f4xx_hal.o
 .debug_macro   0x0000000000015e0a      0x1b0 Drivers/STM32F4xx_HAL_Driver/Src/stm32f4xx_hal_cortex.o
 .debug_macro   0x0000000000015fba      0x1e6 Drivers/STM32F4xx_HAL_Driver/Src/stm32f4xx_hal_gpio.o

.debug_line     0x0000000000000000     0x4d5a
 .debug_line    0x0000000000000000      0x835 Core/Src/game.o
 .debug_line    0x0000000000000835      0x7ae Core/Src/keypad.o
 .debug_line    0x0000000000000fe3      0x7dd Core/Src/lcd.o
 .debug_line    0x00000000000017c0      0x6c2 Core/Src/main.o
 .debug_line    0x0000000000001e82      0x678 Core/Src/stm32f4xx_hal_msp.o
 .debug_line    0x00000000000024fa      0x70a Core/Src/stm32f4xx_it.o
 .debug_line    0x0000000000002c04      0x693 Core/Src/system_stm32f4xx.o
 .debug_line    0x0000000000003297       0x85 Core/Startup/startup_stm32f401retx.o
 .debug_line    0x000000000000331c      0x87d Drivers/STM32F4xx_HAL_Driver/Src/stm32f4xx_hal.o
 .debug_line    0x0000000000003b99      0x9a1 Drivers/STM32F4xx_HAL_Driver/Src/stm32f4xx_hal_cortex.o
 .debug_line    0x000000000000453a      0x820 Drivers/STM32F4xx_HAL_Driver/Src/stm32f4xx_hal_gpio.o

.debug_str      0x0000000000000000    0x7e53f
 .debug_str     0x0000000000000000    0x7ced0 Core/Src/game.o
                                      0x7d1ef (size before relaxing)
 .debug_str     0x000000000007ced0       0xb3 Core/Src/keypad.o
                                      0x7cf19 (size before relaxing)
 .debug_str     0x000000000007cf83      0x1dd Core/Src/lcd.o
                                      0x7d0b5 (size before relaxing)
 .debug_str     0x000000000007d160      0x14f Core/Src/main.o
                                      0x7d12b (size before relaxing)
 .debug_str     0x000000000007d2af      0x202 Core/Src/stm32f4xx_hal_msp.o
                                      0x7c8c8 (size before relaxing)
 .debug_str     0x000000000007d4b1       0xad Core/Src/stm32f4xx_it.o
                                      0x7c834 (size before relaxing)
 .debug_str     0x000000000007d55e       0xc4 Core/Src/system_stm32f4xx.o
                                      0x7c94f (size before relaxing)
 .debug_str     0x000000000007d622       0x36 Core/Startup/startup_stm32f401retx.o
                                         0xa3 (size before relaxing)
 .debug_str     0x000000000007d658      0x935 Drivers/STM32F4xx_HAL_Driver/Src/stm32f4xx_hal.o
                                      0x7d2ba (size before relaxing)
 .debug_str     0x000000000007df8d      0x3b4 Drivers/STM32F4xx_HAL_Driver/Src/stm32f4xx_hal_cortex.o
                                      0x7d097 (size before relaxing)
 .debug_str     0x000000000007e341      0x1fe Drivers/STM32F4xx_HAL_Driver/Src/stm32f4xx_hal_gpio.o
                                      0x7cb8e (size before relaxing)

.comment        0x0000000000000000       0x7b
 .comment       0x0000000000000000       0x7b Core/Src/game.o
                                         0x7c (size before relaxing)
 .comment       0x000000000000007b       0x7c Core/Src/keypad.o
 .comment       0x000000000000007b       0x7c Core/Src/lcd.o
 .comment       0x000000000000007b       0x7c Core/Src/main.o
 .comment       0x000000000000007b       0x7c Core/Src/stm32f4xx_hal_msp.o
 .comment       0x000000000000007b       0x7c Core/Src/stm32f4xx_it.o
 .comment       0x000000000000007b       0x7c Core/Src/system_stm32f4xx.o
 .comment       0x000000000000007b       0x7c Drivers/STM32F4xx_HAL_Driver/Src/stm32f4xx_hal.o
 .comment       0x000000000000007b       0x7c Drivers/STM32F4xx_HAL_Driver/Src/stm32f4xx_hal_cortex.o
 .comment       0x000000000000007b       0x7c Drivers/STM32F4xx_HAL_Driver/Src/stm32f4xx_hal_gpio.o

.debug_frame    0x0000000000000000      0xf90
 .debug_frame   0x0000000000000000      0x168 Core/Src/game.o
 .debug_frame   0x0000000000000168       0xc8 Core/Src/keypad.o
 .debug_frame   0x0000000000000230      0x1ec Core/Src/lcd.o
 .debug_frame   0x000000000000041c       0x50 Core/Src/main.o
 .debug_frame   0x000000000000046c       0x38 Core/Src/stm32f4xx_hal_msp.o
 .debug_frame   0x00000000000004a4       0xf0 Core/Src/stm32f4xx_it.o
 .debug_frame   0x0000000000000594       0x58 Core/Src/system_stm32f4xx.o
 .debug_frame   0x00000000000005ec      0x374 Drivers/STM32F4xx_HAL_Driver/Src/stm32f4xx_hal.o
 .debug_frame   0x0000000000000960      0x498 Drivers/STM32F4xx_HAL_Driver/Src/stm32f4xx_hal_cortex.o
 .debug_frame   0x0000000000000df8      0x14c Drivers/STM32F4xx_HAL_Driver/Src/stm32f4xx_hal_gpio.o
 .debug_frame   0x0000000000000f44       0x2c c:/st/stm32cubeide_1.4.0/stm32cubeide/plugins/com.st.stm32cube.ide.mcu.externaltools.gnu-tools-for-stm32.7-2018-q2-update.win32_1.4.0.202007081208/tools/bin/../lib/gcc/arm-none-eabi/7.3.1/../../../../arm-none-eabi/lib/thumb/v7e-m/fpv4-sp/hard\libc_nano.a(lib_a-init.o)
 .debug_frame   0x0000000000000f70       0x20 c:/st/stm32cubeide_1.4.0/stm32cubeide/plugins/com.st.stm32cube.ide.mcu.externaltools.gnu-tools-for-stm32.7-2018-q2-update.win32_1.4.0.202007081208/tools/bin/../lib/gcc/arm-none-eabi/7.3.1/../../../../arm-none-eabi/lib/thumb/v7e-m/fpv4-sp/hard\libc_nano.a(lib_a-memset.o)
