Archive member included because of file (symbol)

c:/winavr-20100110/bin/../lib/gcc/avr/4.3.3/avr4\libgcc.a(_exit.o)
                              c:/winavr-20100110/bin/../lib/gcc/avr/4.3.3/../../../../avr/lib/avr4/crtm8.o (exit)
c:/winavr-20100110/bin/../lib/gcc/avr/4.3.3/avr4\libgcc.a(_copy_data.o)
                              HBUZZER_cfg.o (__do_copy_data)
c:/winavr-20100110/bin/../lib/gcc/avr/4.3.3/avr4\libgcc.a(_clear_bss.o)
                              Bluetooth_RC_Car_program.o (__do_clear_bss)
c:/winavr-20100110/bin/../lib/gcc/avr/4.3.3/avr4\libgcc.a(_ctors.o)
                              Bluetooth_RC_Car_program.o (__do_global_ctors)
c:/winavr-20100110/bin/../lib/gcc/avr/4.3.3/avr4\libgcc.a(_tablejump.o)
                              c:/winavr-20100110/bin/../lib/gcc/avr/4.3.3/avr4\libgcc.a(_ctors.o) (__tablejump__)

Memory Configuration

Name             Origin             Length             Attributes
text             0x00000000         0x00002000         xr
data             0x00800060         0x0000ffa0         rw !x
eeprom           0x00810000         0x00010000         rw !x
fuse             0x00820000         0x00000400         rw !x
lock             0x00830000         0x00000400         rw !x
signature        0x00840000         0x00000400         rw !x
*default*        0x00000000         0xffffffff

Linker script and memory map

LOAD c:/winavr-20100110/bin/../lib/gcc/avr/4.3.3/../../../../avr/lib/avr4/crtm8.o
LOAD main.o
LOAD Bluetooth_RC_Car_program.o
LOAD HBUZZER_program.o
LOAD HBUZZER_cfg.o
LOAD HLED_program.o
LOAD HLED_cfg.o
LOAD HMOTOR_program.o
LOAD HMOTOR_cfg.o
LOAD HBLTH_program.o
LOAD HBLTH_cfg.o
LOAD MDIO_program.o
LOAD MPWM_program.o
LOAD MUART_program.o
LOAD c:/winavr-20100110/bin/../lib/gcc/avr/4.3.3/avr4\libgcc.a
LOAD c:/winavr-20100110/bin/../lib/gcc/avr/4.3.3/../../../../avr/lib/avr4\libm.a
LOAD c:/winavr-20100110/bin/../lib/gcc/avr/4.3.3/avr4\libgcc.a
LOAD c:/winavr-20100110/bin/../lib/gcc/avr/4.3.3/../../../../avr/lib/avr4\libc.a
LOAD c:/winavr-20100110/bin/../lib/gcc/avr/4.3.3/avr4\libgcc.a

.hash
 *(.hash)

.dynsym
 *(.dynsym)

.dynstr
 *(.dynstr)

.gnu.version
 *(.gnu.version)

.gnu.version_d
 *(.gnu.version_d)

.gnu.version_r
 *(.gnu.version_r)

.rel.init
 *(.rel.init)

.rela.init
 *(.rela.init)

.rel.text
 *(.rel.text)
 *(.rel.text.*)
 *(.rel.gnu.linkonce.t*)

.rela.text
 *(.rela.text)
 *(.rela.text.*)
 *(.rela.gnu.linkonce.t*)

.rel.fini
 *(.rel.fini)

.rela.fini
 *(.rela.fini)

.rel.rodata
 *(.rel.rodata)
 *(.rel.rodata.*)
 *(.rel.gnu.linkonce.r*)

.rela.rodata
 *(.rela.rodata)
 *(.rela.rodata.*)
 *(.rela.gnu.linkonce.r*)

.rel.data
 *(.rel.data)
 *(.rel.data.*)
 *(.rel.gnu.linkonce.d*)

.rela.data
 *(.rela.data)
 *(.rela.data.*)
 *(.rela.gnu.linkonce.d*)

.rel.ctors
 *(.rel.ctors)

.rela.ctors
 *(.rela.ctors)

.rel.dtors
 *(.rel.dtors)

.rela.dtors
 *(.rela.dtors)

.rel.got
 *(.rel.got)

.rela.got
 *(.rela.got)

.rel.bss
 *(.rel.bss)

.rela.bss
 *(.rela.bss)

.rel.plt
 *(.rel.plt)

.rela.plt
 *(.rela.plt)

.text           0x00000000      0x858
 *(.vectors)
 .vectors       0x00000000       0x26 c:/winavr-20100110/bin/../lib/gcc/avr/4.3.3/../../../../avr/lib/avr4/crtm8.o
                0x00000000                __vectors
                0x00000000                __vector_default
 *(.vectors)
 *(.progmem.gcc*)
 *(.progmem*)
                0x00000026                . = ALIGN (0x2)
                0x00000026                __trampolines_start = .
 *(.trampolines)
 .trampolines   0x00000026        0x0 linker stubs
 *(.trampolines*)
                0x00000026                __trampolines_end = .
 *(.jumptables)
 *(.jumptables*)
 *(.lowtext)
 *(.lowtext*)
                0x00000026                __ctors_start = .
 *(.ctors)
 .ctors         0x00000026        0x2 Bluetooth_RC_Car_program.o
 .ctors         0x00000028        0x2 HBUZZER_program.o
 .ctors         0x0000002a        0x2 HLED_program.o
 .ctors         0x0000002c        0x2 HMOTOR_program.o
 .ctors         0x0000002e        0x2 HBLTH_program.o
                0x00000030                __ctors_end = .
                0x00000030                __dtors_start = .
 *(.dtors)
                0x00000030                __dtors_end = .
 SORT(*)(.ctors)
 SORT(*)(.dtors)
 *(.init0)
 .init0         0x00000030        0x0 c:/winavr-20100110/bin/../lib/gcc/avr/4.3.3/../../../../avr/lib/avr4/crtm8.o
                0x00000030                __init
 *(.init0)
 *(.init1)
 *(.init1)
 *(.init2)
 .init2         0x00000030        0xc c:/winavr-20100110/bin/../lib/gcc/avr/4.3.3/../../../../avr/lib/avr4/crtm8.o
 *(.init2)
 *(.init3)
 *(.init3)
 *(.init4)
 .init4         0x0000003c       0x16 c:/winavr-20100110/bin/../lib/gcc/avr/4.3.3/avr4\libgcc.a(_copy_data.o)
                0x0000003c                __do_copy_data
 .init4         0x00000052       0x10 c:/winavr-20100110/bin/../lib/gcc/avr/4.3.3/avr4\libgcc.a(_clear_bss.o)
                0x00000052                __do_clear_bss
 *(.init4)
 *(.init5)
 *(.init5)
 *(.init6)
 .init6         0x00000062       0x14 c:/winavr-20100110/bin/../lib/gcc/avr/4.3.3/avr4\libgcc.a(_ctors.o)
                0x00000062                __do_global_ctors
 *(.init6)
 *(.init7)
 *(.init7)
 *(.init8)
 *(.init8)
 *(.init9)
 .init9         0x00000076        0x4 c:/winavr-20100110/bin/../lib/gcc/avr/4.3.3/../../../../avr/lib/avr4/crtm8.o
 *(.init9)
 *(.text)
 .text          0x0000007a        0x2 c:/winavr-20100110/bin/../lib/gcc/avr/4.3.3/../../../../avr/lib/avr4/crtm8.o
                0x0000007a                __vector_1
                0x0000007a                __vector_12
                0x0000007a                __bad_interrupt
                0x0000007a                __vector_6
                0x0000007a                __vector_3
                0x0000007a                __vector_17
                0x0000007a                __vector_7
                0x0000007a                __vector_5
                0x0000007a                __vector_4
                0x0000007a                __vector_9
                0x0000007a                __vector_2
                0x0000007a                __vector_15
                0x0000007a                __vector_8
                0x0000007a                __vector_14
                0x0000007a                __vector_10
                0x0000007a                __vector_16
                0x0000007a                __vector_18
 .text          0x0000007c        0x8 main.o
                0x0000007c                main
 .text          0x00000084      0x142 Bluetooth_RC_Car_program.o
                0x000000b4                system_processing_update()
                0x00000084                system_init()
                0x000001ba                system_getInput()
 .text          0x000001c6       0x3a HBUZZER_program.o
                0x000001f6                hbuzzerClass_t::hbuzzerClass_t()
                0x000001e2                hbuzzerClass_t::Buzzer_On()
                0x000001d8                hbuzzerClass_t::Buzzer_Off()
                0x000001ec                hbuzzerClass_t::hbuzzerClass_t()
 .text          0x00000200        0x0 HBUZZER_cfg.o
 .text          0x00000200       0xc8 HLED_program.o
                0x00000240                hledClass_t::LED_Off()
                0x00000284                hledClass_t::hledClass_t(unsigned char)
                0x000002a6                hledClass_t::hledClass_t(unsigned char)
                0x00000262                hledClass_t::LED_On()
                0x00000222                hledClass_t::LED_toggle()
 .text          0x000002c8        0x0 HLED_cfg.o
 .text          0x000002c8      0x1a8 HMOTOR_program.o
                0x0000041a                hmotorClass_t::hmotorClass_t(unsigned char)
                0x00000336                hmotorClass_t::UpdateMotor(unsigned char, unsigned char)
                0x000003c4                hmotorClass_t::hmotorClass_t(unsigned char)
 .text          0x00000470        0x0 HMOTOR_cfg.o
 .text          0x00000470       0x6a HBLTH_program.o
                0x000004ae                hblthClass_t::getData(unsigned char*)
                0x000004a6                hblthClass_t::getData_interrupt(unsigned char*)
                0x000004c8                hblthClass_t::hblthClass_t()
                0x000004b6                hblthClass_t::hblthClass_t()
 .text          0x000004da        0x0 HBLTH_cfg.o
 .text          0x000004da      0x192 MDIO_program.o
                0x0000059c                mdioClass_t::SetPinValue(unsigned char)
                0x000004da                mdioClass_t::SetPinDirection(unsigned char)
                0x00000600                mdioClass_t::TogglePinValue()
                0x0000062e                mdioClass_t::GetPinValue(unsigned char*)
 .text          0x0000066c      0x112 MPWM_program.o
                0x00000714                mpwmClass_t::updatepwm(unsigned char, unsigned char)
                0x000006c0                mpwmClass_t::mpwmClass_t(unsigned char)
                0x0000066c                mpwmClass_t::mpwmClass_t(unsigned char)
 .text          0x0000077e       0xca MUART_program.o
                0x000007f0                muartClass_t::ReceiveByte_Interrupt(unsigned char*)
                0x00000824                __vector_11
                0x000007d4                muartClass_t::ReceiveByte(unsigned char*)
                0x00000806                __vector_13
                0x000007b6                muartClass_t::SendStream(unsigned char*, unsigned char)
                0x00000792                muartClass_t::muartClass_t(unsigned short, unsigned char)
                0x0000077e                muartClass_t::muartClass_t(unsigned short, unsigned char)
                0x000007a6                muartClass_t::SendByte(unsigned char)
                0x000007e0                muartClass_t::SendByte_Interrupt(unsigned char)
 .text          0x00000848        0x0 c:/winavr-20100110/bin/../lib/gcc/avr/4.3.3/avr4\libgcc.a(_exit.o)
 .text          0x00000848        0x0 c:/winavr-20100110/bin/../lib/gcc/avr/4.3.3/avr4\libgcc.a(_copy_data.o)
 .text          0x00000848        0x0 c:/winavr-20100110/bin/../lib/gcc/avr/4.3.3/avr4\libgcc.a(_clear_bss.o)
 .text          0x00000848        0x0 c:/winavr-20100110/bin/../lib/gcc/avr/4.3.3/avr4\libgcc.a(_ctors.o)
 .text          0x00000848        0x0 c:/winavr-20100110/bin/../lib/gcc/avr/4.3.3/avr4\libgcc.a(_tablejump.o)
                0x00000848                . = ALIGN (0x2)
 *(.text.*)
 .text.libgcc   0x00000848        0x0 c:/winavr-20100110/bin/../lib/gcc/avr/4.3.3/avr4\libgcc.a(_exit.o)
 .text.libgcc   0x00000848        0x0 c:/winavr-20100110/bin/../lib/gcc/avr/4.3.3/avr4\libgcc.a(_copy_data.o)
 .text.libgcc   0x00000848        0x0 c:/winavr-20100110/bin/../lib/gcc/avr/4.3.3/avr4\libgcc.a(_clear_bss.o)
 .text.libgcc   0x00000848        0x0 c:/winavr-20100110/bin/../lib/gcc/avr/4.3.3/avr4\libgcc.a(_ctors.o)
 .text.libgcc   0x00000848        0xc c:/winavr-20100110/bin/../lib/gcc/avr/4.3.3/avr4\libgcc.a(_tablejump.o)
                0x0000084c                __tablejump__
                0x00000848                __tablejump2__
                0x00000854                . = ALIGN (0x2)
 *(.fini9)
 .fini9         0x00000854        0x0 c:/winavr-20100110/bin/../lib/gcc/avr/4.3.3/avr4\libgcc.a(_exit.o)
                0x00000854                exit
                0x00000854                _exit
 *(.fini9)
 *(.fini8)
 *(.fini8)
 *(.fini7)
 *(.fini7)
 *(.fini6)
 *(.fini6)
 *(.fini5)
 *(.fini5)
 *(.fini4)
 *(.fini4)
 *(.fini3)
 *(.fini3)
 *(.fini2)
 *(.fini2)
 *(.fini1)
 *(.fini1)
 *(.fini0)
 .fini0         0x00000854        0x4 c:/winavr-20100110/bin/../lib/gcc/avr/4.3.3/avr4\libgcc.a(_exit.o)
 *(.fini0)
                0x00000858                _etext = .

.data           0x00800060       0x28 load address 0x00000858
                0x00800060                PROVIDE (__data_start, .)
 *(.data)
 .data          0x00800060        0x0 c:/winavr-20100110/bin/../lib/gcc/avr/4.3.3/../../../../avr/lib/avr4/crtm8.o
 .data          0x00800060        0x0 main.o
 .data          0x00800060        0x0 Bluetooth_RC_Car_program.o
 .data          0x00800060        0x0 HBUZZER_program.o
 .data          0x00800060        0x2 HBUZZER_cfg.o
                0x00800060                BUZZER_PINMAP
 .data          0x00800062        0x0 HLED_program.o
 .data          0x00800062        0x4 HLED_cfg.o
                0x00800062                LED_PINMAP
 .data          0x00800066        0x0 HMOTOR_program.o
 .data          0x00800066        0xc HMOTOR_cfg.o
                0x00800066                MOTOR_PINMAP
 .data          0x00800072        0x0 HBLTH_program.o
 .data          0x00800072        0x3 HBLTH_cfg.o
                0x00800072                BLTH_PINMAP
 .data          0x00800075       0x12 MDIO_program.o
                0x00800075                gu8Arr_ddrArray
                0x00800081                gu8Arr_pinArray
                0x0080007b                gu8Arr_portArray
 .data          0x00800087        0x0 MPWM_program.o
 .data          0x00800087        0x1 MUART_program.o
 .data          0x00800088        0x0 c:/winavr-20100110/bin/../lib/gcc/avr/4.3.3/avr4\libgcc.a(_exit.o)
 .data          0x00800088        0x0 c:/winavr-20100110/bin/../lib/gcc/avr/4.3.3/avr4\libgcc.a(_copy_data.o)
 .data          0x00800088        0x0 c:/winavr-20100110/bin/../lib/gcc/avr/4.3.3/avr4\libgcc.a(_clear_bss.o)
 .data          0x00800088        0x0 c:/winavr-20100110/bin/../lib/gcc/avr/4.3.3/avr4\libgcc.a(_ctors.o)
 .data          0x00800088        0x0 c:/winavr-20100110/bin/../lib/gcc/avr/4.3.3/avr4\libgcc.a(_tablejump.o)
 *(.data*)
 *(.rodata)
 *(.rodata*)
 *(.gnu.linkonce.d*)
                0x00800088                . = ALIGN (0x2)
                0x00800088                _edata = .
                0x00800088                PROVIDE (__data_end, .)

.bss            0x00800088       0x24
                0x00800088                PROVIDE (__bss_start, .)
 *(.bss)
 .bss           0x00800088        0x0 c:/winavr-20100110/bin/../lib/gcc/avr/4.3.3/../../../../avr/lib/avr4/crtm8.o
 .bss           0x00800088        0x0 main.o
 .bss           0x00800088        0x8 Bluetooth_RC_Car_program.o
                0x0080008c                gobj_rightMotor
                0x0080008a                gobj_frontLeds
                0x0080008b                gobj_rearLeds
                0x00800089                gobj_buzzer
                0x0080008d                gobj_leftMotor
                0x00800088                gobj_bluetoothcommunication
 .bss           0x00800090        0x2 HBUZZER_program.o
                0x00800090                gobj_buzzerPin
 .bss           0x00800092        0x0 HBUZZER_cfg.o
 .bss           0x00800092        0x4 HLED_program.o
                0x00800092                gobj_Led1Pin
                0x00800094                gobj_Led2Pin
 .bss           0x00800096        0x0 HLED_cfg.o
 .bss           0x00800096        0xe HMOTOR_program.o
                0x008000a0                gobj_Motor2_DIR_IN3Pin
                0x008000a2                gobj_Motor2_DIR_IN4Pin
                0x0080009c                gobj_Motor1_DIR_IN1Pin
                0x0080009e                gobj_Motor1_DIR_IN2Pin
                0x00800097                gobj_Motor2_PWMChannel2
                0x00800098                gobj_Motor1_PWM_EN1Pin
                0x00800096                gobj_Motor1_PWMChannel1
                0x0080009a                gobj_Motor2_PWM_EN2Pin
 .bss           0x008000a4        0x0 HMOTOR_cfg.o
 .bss           0x008000a4        0x6 HBLTH_program.o
                0x008000a8                gobj_blthData_Nointerrupt
                0x008000a6                gobj_blthRXPin
                0x008000a4                gobj_blthTXPin
                0x008000a9                gobj_blthData_interrupt
 .bss           0x008000aa        0x0 HBLTH_cfg.o
 .bss           0x008000aa        0x0 MDIO_program.o
 .bss           0x008000aa        0x0 MPWM_program.o
 .bss           0x008000aa        0x2 MUART_program.o
 .bss           0x008000ac        0x0 c:/winavr-20100110/bin/../lib/gcc/avr/4.3.3/avr4\libgcc.a(_exit.o)
 .bss           0x008000ac        0x0 c:/winavr-20100110/bin/../lib/gcc/avr/4.3.3/avr4\libgcc.a(_copy_data.o)
 .bss           0x008000ac        0x0 c:/winavr-20100110/bin/../lib/gcc/avr/4.3.3/avr4\libgcc.a(_clear_bss.o)
 .bss           0x008000ac        0x0 c:/winavr-20100110/bin/../lib/gcc/avr/4.3.3/avr4\libgcc.a(_ctors.o)
 .bss           0x008000ac        0x0 c:/winavr-20100110/bin/../lib/gcc/avr/4.3.3/avr4\libgcc.a(_tablejump.o)
 *(.bss*)
 *(COMMON)
                0x008000ac                PROVIDE (__bss_end, .)
                0x00000858                __data_load_start = LOADADDR (.data)
                0x00000880                __data_load_end = (__data_load_start + SIZEOF (.data))

.noinit         0x008000ac        0x0
                0x008000ac                PROVIDE (__noinit_start, .)
 *(.noinit*)
                0x008000ac                PROVIDE (__noinit_end, .)
                0x008000ac                _end = .
                0x008000ac                PROVIDE (__heap_start, .)

.eeprom         0x00810000        0x0
 *(.eeprom*)
                0x00810000                __eeprom_end = .

.fuse
 *(.fuse)
 *(.lfuse)
 *(.hfuse)
 *(.efuse)

.lock
 *(.lock*)

.signature
 *(.signature*)

.stab
 *(.stab)

.stabstr
 *(.stabstr)

.stab.excl
 *(.stab.excl)

.stab.exclstr
 *(.stab.exclstr)

.stab.index
 *(.stab.index)

.stab.indexstr
 *(.stab.indexstr)

.comment
 *(.comment)

.debug
 *(.debug)

.line
 *(.line)

.debug_srcinfo
 *(.debug_srcinfo)

.debug_sfnames
 *(.debug_sfnames)

.debug_aranges
 *(.debug_aranges)

.debug_pubnames
 *(.debug_pubnames)

.debug_info
 *(.debug_info)
 *(.gnu.linkonce.wi.*)

.debug_abbrev
 *(.debug_abbrev)

.debug_line
 *(.debug_line)

.debug_frame
 *(.debug_frame)

.debug_str
 *(.debug_str)

.debug_loc
 *(.debug_loc)

.debug_macinfo
 *(.debug_macinfo)
OUTPUT(main.elf elf32-avr)
LOAD linker stubs
